{"id": "language_initial_e2_raw_eager", "ce": 3.200008869991241, "accuracy": 0.45165934602244995, "seconds": 22.40953205525875}
{"id": "language_initial_e4_raw_eager", "ce": 2.963507696504844, "accuracy": 0.4805514885309907, "seconds": 26.34535450488329}
{"id": "language_s8621_K512_a2_e2_raw_eager", "ce": 2.7944565901910936, "accuracy": 0.4921913128355295, "seconds": 19.315530955791473}
{"id": "language_s8621_K512_a2_e4_raw_eager", "ce": 2.771923851228936, "accuracy": 0.49660810151293316, "seconds": 24.083720169961452}
{"id": "language_s8621_K512_a4_e2_raw_eager", "ce": 2.853863263903333, "accuracy": 0.487701317715959, "seconds": 18.89650586247444}
{"id": "language_s8621_K512_a4_e4_raw_eager", "ce": 2.633488003603408, "accuracy": 0.5168618838457785, "seconds": 23.72500581294298}
{"id": "language_s8623_K512_a2_e2_raw_eager", "ce": 2.776580460584532, "accuracy": 0.4989263055148853, "seconds": 18.83313697949052}
{"id": "language_s8623_K512_a2_e4_raw_eager", "ce": 2.775770727573431, "accuracy": 0.4984870668618838, "seconds": 23.814924839884043}
{"id": "language_s8623_K512_a4_e2_raw_eager", "ce": 2.8478363807152243, "accuracy": 0.486896046852123, "seconds": 19.013560384511948}
{"id": "language_s8623_K512_a4_e4_raw_eager", "ce": 2.6339743496454355, "accuracy": 0.5152757442654954, "seconds": 26.102575205266476}
{"id": "language_s8621_K4096_a2_e2_raw_eager", "ce": 2.686773586890007, "accuracy": 0.5079062957540263, "seconds": 20.93971772119403}
{"id": "language_s8621_K4096_a2_e4_raw_eager", "ce": 2.719725015053931, "accuracy": 0.5035627135187897, "seconds": 24.31484230980277}
{"id": "language_s8621_K4096_a4_e2_raw_eager", "ce": 2.748706939121071, "accuracy": 0.5005124450951683, "seconds": 18.771696861833334}
{"id": "language_s8621_K4096_a4_e4_raw_eager", "ce": 2.549171707799827, "accuracy": 0.5262811127379209, "seconds": 24.21007275953889}
{"id": "language_s8623_K4096_a2_e2_raw_eager", "ce": 2.677204878547635, "accuracy": 0.509053196681308, "seconds": 18.845255684107542}
{"id": "language_s8623_K4096_a2_e4_raw_eager", "ce": 2.6970062916319346, "accuracy": 0.5069302098584676, "seconds": 23.721487514674664}
{"id": "language_s8623_K4096_a4_e2_raw_eager", "ce": 2.7417082291286845, "accuracy": 0.5030746705710103, "seconds": 18.397704903036356}
{"id": "language_s8623_K4096_a4_e4_raw_eager", "ce": 2.5422943416097517, "accuracy": 0.5284529038555393, "seconds": 23.818644654005766}
{"id": "language_s8621_K4096_a2_e2_raw_graph", "ce": 2.686773586890007, "accuracy": 0.5079062957540263, "seconds": 9.697558149695396}
{"id": "language_s8621_K4096_a4_e4_raw_graph", "ce": 2.549171707799827, "accuracy": 0.5262811127379209, "seconds": 14.448134679347277}
{"id": "language_s8623_K4096_a2_e2_raw_graph", "ce": 2.677204878547635, "accuracy": 0.509053196681308, "seconds": 9.62310441210866}
{"id": "language_s8623_K4096_a4_e4_raw_graph", "ce": 2.5422943416097517, "accuracy": 0.5284529038555393, "seconds": 13.73382967710495}
{"id": "vision_s9621_K512_a2_e2_raw_eager", "ce": 1.4877933649581507, "accuracy": 0.6402, "seconds": 28.076716408133507}
{"id": "vision_s9621_K512_a2_e4_raw_eager", "ce": 1.4043868685320544, "accuracy": 0.65, "seconds": 35.83433612808585}
{"id": "vision_s9621_K512_a4_e2_raw_eager", "ce": 1.6542381792865695, "accuracy": 0.6126, "seconds": 28.496024824678898}
{"id": "vision_s9621_K512_a4_e4_raw_eager", "ce": 1.4021297246953706, "accuracy": 0.6625, "seconds": 36.015506990253925}
{"id": "vision_s9623_K512_a2_e2_raw_eager", "ce": 1.5509325173540507, "accuracy": 0.6329, "seconds": 28.127662889659405}
{"id": "vision_s9623_K512_a2_e4_raw_eager", "ce": 1.4897161736313487, "accuracy": 0.6356, "seconds": 37.733539167791605}
{"id": "vision_s9623_K512_a4_e2_raw_eager", "ce": 1.694703124467656, "accuracy": 0.6105, "seconds": 29.62864349782467}
{"id": "vision_s9623_K512_a4_e4_raw_eager", "ce": 1.448275964939408, "accuracy": 0.6563, "seconds": 35.964197404682636}
{"id": "vision_s9625_K512_a2_e2_raw_eager", "ce": 1.479086036609835, "accuracy": 0.6394, "seconds": 28.145782433450222}
{"id": "vision_s9625_K512_a2_e4_raw_eager", "ce": 1.3980746528000805, "accuracy": 0.6518, "seconds": 35.45859217271209}
{"id": "vision_s9625_K512_a4_e2_raw_eager", "ce": 1.6248974543687889, "accuracy": 0.6205, "seconds": 28.28404028713703}
{"id": "vision_s9625_K512_a4_e4_raw_eager", "ce": 1.3749401195404818, "accuracy": 0.6669, "seconds": 35.51660683751106}
{"id": "vision_s9621_K2048_a2_e2_raw_eager", "ce": 1.4923532110852655, "accuracy": 0.6394, "seconds": 30.510231163352728}
{"id": "vision_s9621_K2048_a2_e4_raw_eager", "ce": 1.413823946544563, "accuracy": 0.6487, "seconds": 37.46852535381913}
{"id": "vision_s9621_K2048_a4_e2_raw_eager", "ce": 1.6509054890748114, "accuracy": 0.6175, "seconds": 28.95083585381508}
{"id": "vision_s9621_K2048_a4_e4_raw_eager", "ce": 1.4056980814320268, "accuracy": 0.6667, "seconds": 37.00278928503394}
{"id": "vision_s9623_K2048_a2_e2_raw_eager", "ce": 1.4479143535020529, "accuracy": 0.6472, "seconds": 30.046050138771534}
{"id": "vision_s9623_K2048_a2_e4_raw_eager", "ce": 1.377302328016155, "accuracy": 0.6547, "seconds": 36.60916946455836}
{"id": "vision_s9623_K2048_a4_e2_raw_eager", "ce": 1.611600865015341, "accuracy": 0.6238, "seconds": 30.567694190889597}
{"id": "vision_s9623_K2048_a4_e4_raw_eager", "ce": 1.368510542570916, "accuracy": 0.669, "seconds": 36.44950830936432}
{"id": "vision_s9625_K2048_a2_e2_raw_eager", "ce": 1.4679361958349588, "accuracy": 0.6454, "seconds": 30.383562583476305}
{"id": "vision_s9625_K2048_a2_e4_raw_eager", "ce": 1.3842563668338466, "accuracy": 0.6527, "seconds": 36.52062827348709}
{"id": "vision_s9625_K2048_a4_e2_raw_eager", "ce": 1.6449459741231054, "accuracy": 0.6159, "seconds": 28.036053832620382}
{"id": "vision_s9625_K2048_a4_e4_raw_eager", "ce": 1.3926004802197915, "accuracy": 0.6652, "seconds": 35.334233317524195}
{"id": "vision_s9621_K512_a2_e2_bn_only_eager", "ce": 1.4251257610917616, "accuracy": 0.641, "seconds": 28.71834298223257}
{"id": "vision_s9621_K512_a2_e4_bn_only_eager", "ce": 1.284595082378568, "accuracy": 0.66, "seconds": 39.69917583838105}
{"id": "vision_s9621_K512_a4_e2_bn_only_eager", "ce": 1.576197949426109, "accuracy": 0.6297, "seconds": 29.228633664548397}
{"id": "vision_s9621_K512_a4_e4_bn_only_eager", "ce": 1.3137216268130578, "accuracy": 0.6711, "seconds": 37.88719569891691}
{"id": "vision_s9623_K512_a2_e2_bn_only_eager", "ce": 1.435145964256348, "accuracy": 0.6444, "seconds": 29.308975271880627}
{"id": "vision_s9623_K512_a2_e4_bn_only_eager", "ce": 1.2933841089500464, "accuracy": 0.6618, "seconds": 40.238581240177155}
{"id": "vision_s9623_K512_a4_e2_bn_only_eager", "ce": 1.5841012757605872, "accuracy": 0.6285, "seconds": 32.93038171157241}
{"id": "vision_s9623_K512_a4_e4_bn_only_eager", "ce": 1.3196128296875396, "accuracy": 0.6671, "seconds": 37.660578925162554}
{"id": "vision_s9625_K512_a2_e2_bn_only_eager", "ce": 1.4292221346696838, "accuracy": 0.6364, "seconds": 29.383666332811117}
{"id": "vision_s9625_K512_a2_e4_bn_only_eager", "ce": 1.2920059068783245, "accuracy": 0.6613, "seconds": 37.85773164778948}
{"id": "vision_s9625_K512_a4_e2_bn_only_eager", "ce": 1.5813470747254323, "accuracy": 0.6267, "seconds": 29.355253770947456}
{"id": "vision_s9625_K512_a4_e4_bn_only_eager", "ce": 1.3223555435035146, "accuracy": 0.6705, "seconds": 40.472417447716}
{"id": "vision_s9621_K2048_a2_e2_bn_only_eager", "ce": 1.4019091019508663, "accuracy": 0.6506, "seconds": 29.604954332113266}
{"id": "vision_s9621_K2048_a2_e4_bn_only_eager", "ce": 1.2974328278324625, "accuracy": 0.6629, "seconds": 38.25751103460789}
{"id": "vision_s9621_K2048_a4_e2_bn_only_eager", "ce": 1.5775215538869378, "accuracy": 0.6327, "seconds": 29.243927616626024}
{"id": "vision_s9621_K2048_a4_e4_bn_only_eager", "ce": 1.3125932101670652, "accuracy": 0.6715, "seconds": 38.321134358644485}
{"id": "vision_s9623_K2048_a2_e2_bn_only_eager", "ce": 1.3984311261595925, "accuracy": 0.649, "seconds": 28.9947595782578}
{"id": "vision_s9623_K2048_a2_e4_bn_only_eager", "ce": 1.2878536164599907, "accuracy": 0.6653, "seconds": 40.15384589508176}
{"id": "vision_s9623_K2048_a4_e2_bn_only_eager", "ce": 1.578559810741199, "accuracy": 0.6306, "seconds": 32.47587438300252}
{"id": "vision_s9623_K2048_a4_e4_bn_only_eager", "ce": 1.3106837036597543, "accuracy": 0.6647, "seconds": 38.03355473652482}
{"id": "vision_s9625_K2048_a2_e2_bn_only_eager", "ce": 1.39244653920111, "accuracy": 0.65, "seconds": 29.070460945367813}
{"id": "vision_s9625_K2048_a2_e4_bn_only_eager", "ce": 1.2885914257778437, "accuracy": 0.6659, "seconds": 37.826002497226}
{"id": "vision_s9625_K2048_a4_e2_bn_only_eager", "ce": 1.5773032180776354, "accuracy": 0.626, "seconds": 29.615795861929655}
{"id": "vision_s9625_K2048_a4_e4_bn_only_eager", "ce": 1.309964639149676, "accuracy": 0.6684, "seconds": 39.68160963058472}
{"id": "vision_s9621_K2048_a2_e2_raw_graph", "ce": 1.4923532110852655, "accuracy": 0.6394, "seconds": 9.25691955536604}
{"id": "vision_s9621_K2048_a4_e4_raw_graph", "ce": 1.4056980814320268, "accuracy": 0.6667, "seconds": 13.42953372374177}
{"id": "vision_s9623_K2048_a2_e2_raw_graph", "ce": 1.4479143535020529, "accuracy": 0.6472, "seconds": 9.345795538276434}
{"id": "vision_s9623_K2048_a4_e4_raw_graph", "ce": 1.368510542570916, "accuracy": 0.669, "seconds": 13.392190258949995}
{"id": "vision_s9625_K2048_a2_e2_raw_graph", "ce": 1.4679361958349588, "accuracy": 0.6454, "seconds": 9.299054376780987}
{"id": "vision_s9625_K2048_a4_e4_raw_graph", "ce": 1.3926004802197915, "accuracy": 0.6652, "seconds": 13.3664825335145}
