{"id": "language_s8622_K512_a2_e2_raw_eager", "ce": 2.7861436468102276, "accuracy": 0.49497315763787214, "seconds": 21.555637683719397}
{"id": "language_s8622_K512_a2_e4_raw_eager", "ce": 2.7809660718397664, "accuracy": 0.4960468521229868, "seconds": 22.19488000497222}
{"id": "language_s8622_K512_a4_e2_raw_eager", "ce": 2.859419703959778, "accuracy": 0.4867740361151781, "seconds": 17.1908028870821}
{"id": "language_s8622_K512_a4_e4_raw_eager", "ce": 2.6283416248920886, "accuracy": 0.5143484626647145, "seconds": 21.744992043823004}
{"id": "language_s8622_K4096_a2_e2_raw_eager", "ce": 2.6774280019783085, "accuracy": 0.5107613469985359, "seconds": 17.07439199090004}
{"id": "language_s8622_K4096_a2_e4_raw_eager", "ce": 2.698896410182689, "accuracy": 0.5077598828696925, "seconds": 21.73272167891264}
{"id": "language_s8622_K4096_a4_e2_raw_eager", "ce": 2.751121317656593, "accuracy": 0.5021961932650073, "seconds": 17.105804912745953}
{"id": "language_s8622_K4096_a4_e4_raw_eager", "ce": 2.5498510260873655, "accuracy": 0.5266959492435335, "seconds": 21.626557145267725}
{"id": "language_s8622_K4096_a2_e2_raw_graph", "ce": 2.6774280019783085, "accuracy": 0.5107613469985359, "seconds": 9.596800841391087}
{"id": "language_s8622_K4096_a4_e4_raw_graph", "ce": 2.5498510260873655, "accuracy": 0.5266959492435335, "seconds": 13.780852291733027}
{"id": "vision_initial_e2_raw_eager", "ce": 1.6372169614586514, "accuracy": 0.6193, "seconds": 26.110641676932573}
{"id": "vision_initial_e4_raw_eager", "ce": 1.3830965735921403, "accuracy": 0.6675, "seconds": 34.11502103507519}
{"id": "vision_s9622_K512_a2_e2_raw_eager", "ce": 1.5130489476342686, "accuracy": 0.6367, "seconds": 28.483284786343575}
{"id": "vision_s9622_K512_a2_e4_raw_eager", "ce": 1.435738816291385, "accuracy": 0.649, "seconds": 33.007678620517254}
{"id": "vision_s9622_K512_a4_e2_raw_eager", "ce": 1.6714917805976235, "accuracy": 0.6096, "seconds": 26.609568748623133}
{"id": "vision_s9622_K512_a4_e4_raw_eager", "ce": 1.413026195929083, "accuracy": 0.6649, "seconds": 32.55283363163471}
{"id": "vision_s9624_K512_a2_e2_raw_eager", "ce": 1.5069448292287067, "accuracy": 0.6378, "seconds": 25.63503710925579}
{"id": "vision_s9624_K512_a2_e4_raw_eager", "ce": 1.4262108183624804, "accuracy": 0.6488, "seconds": 33.52486119046807}
{"id": "vision_s9624_K512_a4_e2_raw_eager", "ce": 1.6646193820665591, "accuracy": 0.6181, "seconds": 26.56950806081295}
{"id": "vision_s9624_K512_a4_e4_raw_eager", "ce": 1.409700416837493, "accuracy": 0.6659, "seconds": 33.12427831813693}
{"id": "vision_s9622_K2048_a2_e2_raw_eager", "ce": 1.489191537456494, "accuracy": 0.6394, "seconds": 28.026887580752373}
{"id": "vision_s9622_K2048_a2_e4_raw_eager", "ce": 1.4045422931218403, "accuracy": 0.6527, "seconds": 34.325721118599176}
{"id": "vision_s9622_K2048_a4_e2_raw_eager", "ce": 1.669941397342924, "accuracy": 0.6125, "seconds": 29.005588315427303}
{"id": "vision_s9622_K2048_a4_e4_raw_eager", "ce": 1.4160923048636178, "accuracy": 0.6624, "seconds": 33.00067316368222}
{"id": "vision_s9624_K2048_a2_e2_raw_eager", "ce": 1.4659756806020392, "accuracy": 0.6465, "seconds": 26.31311732158065}
{"id": "vision_s9624_K2048_a2_e4_raw_eager", "ce": 1.3869742137166905, "accuracy": 0.6573, "seconds": 33.780511036515236}
{"id": "vision_s9624_K2048_a4_e2_raw_eager", "ce": 1.6450154125851113, "accuracy": 0.618, "seconds": 26.64054860174656}
{"id": "vision_s9624_K2048_a4_e4_raw_eager", "ce": 1.3878709265050246, "accuracy": 0.6672, "seconds": 33.06389923021197}
{"id": "vision_initial_e2_bn_only_eager", "ce": 1.5622532091355417, "accuracy": 0.6305, "seconds": 28.169764015823603}
{"id": "vision_initial_e4_bn_only_eager", "ce": 1.3147708837514511, "accuracy": 0.6689, "seconds": 36.547573518007994}
{"id": "vision_s9622_K512_a2_e2_bn_only_eager", "ce": 1.4274004623380256, "accuracy": 0.6395, "seconds": 27.57658025994897}
{"id": "vision_s9622_K512_a2_e4_bn_only_eager", "ce": 1.2874712982876984, "accuracy": 0.662, "seconds": 36.79526811465621}
{"id": "vision_s9622_K512_a4_e2_bn_only_eager", "ce": 1.5811906171864598, "accuracy": 0.6347, "seconds": 27.915933083742857}
{"id": "vision_s9622_K512_a4_e4_bn_only_eager", "ce": 1.3218410219118697, "accuracy": 0.6739, "seconds": 38.87533353641629}
{"id": "vision_s9624_K512_a2_e2_bn_only_eager", "ce": 1.4260191742114257, "accuracy": 0.6455, "seconds": 29.98351649567485}
{"id": "vision_s9624_K512_a2_e4_bn_only_eager", "ce": 1.28452146357327, "accuracy": 0.6605, "seconds": 37.25671690329909}
{"id": "vision_s9624_K512_a4_e2_bn_only_eager", "ce": 1.582169013274531, "accuracy": 0.6301, "seconds": 28.07890886068344}
{"id": "vision_s9624_K512_a4_e4_bn_only_eager", "ce": 1.3194638781710528, "accuracy": 0.6694, "seconds": 37.07957020401955}
{"id": "vision_s9622_K2048_a2_e2_bn_only_eager", "ce": 1.3949511304615532, "accuracy": 0.649, "seconds": 27.841119591146708}
{"id": "vision_s9622_K2048_a2_e4_bn_only_eager", "ce": 1.2934237684920955, "accuracy": 0.6654, "seconds": 35.50126304849982}
{"id": "vision_s9622_K2048_a4_e2_bn_only_eager", "ce": 1.5736141879383474, "accuracy": 0.6335, "seconds": 26.710469361394644}
{"id": "vision_s9622_K2048_a4_e4_bn_only_eager", "ce": 1.3122817964047193, "accuracy": 0.6724, "seconds": 35.67127250507474}
{"id": "vision_s9624_K2048_a2_e2_bn_only_eager", "ce": 1.3908775916190819, "accuracy": 0.6477, "seconds": 27.23140414059162}
{"id": "vision_s9624_K2048_a2_e4_bn_only_eager", "ce": 1.2888074104859553, "accuracy": 0.6647, "seconds": 34.75311214849353}
{"id": "vision_s9624_K2048_a4_e2_bn_only_eager", "ce": 1.5740739313705825, "accuracy": 0.6284, "seconds": 27.849544547498226}
{"id": "vision_s9624_K2048_a4_e4_bn_only_eager", "ce": 1.3102072697916067, "accuracy": 0.6708, "seconds": 35.33630498498678}
{"id": "vision_s9622_K2048_a2_e2_raw_graph", "ce": 1.489191537456494, "accuracy": 0.6394, "seconds": 9.308197900652885}
{"id": "vision_s9622_K2048_a4_e4_raw_graph", "ce": 1.4160923048636178, "accuracy": 0.6624, "seconds": 13.603789385408163}
{"id": "vision_s9624_K2048_a2_e2_raw_graph", "ce": 1.4659756806020392, "accuracy": 0.6465, "seconds": 9.769002124667168}
{"id": "vision_s9624_K2048_a4_e4_raw_graph", "ce": 1.3878709265050246, "accuracy": 0.6672, "seconds": 13.510213553905487}
