Looking in indexes: https://download.pytorch.org/whl/cu128
Collecting torch==2.7.1
  Downloading https://download-r2.pytorch.org/whl/cu128/torch-2.7.1%2Bcu128-cp312-cp312-manylinux_2_28_x86_64.whl.metadata (29 kB)
Collecting torchvision==0.22.1
  Downloading https://download-r2.pytorch.org/whl/cu128/torchvision-0.22.1%2Bcu128-cp312-cp312-manylinux_2_28_x86_64.whl.metadata (6.1 kB)
Collecting torchaudio==2.7.1
  Downloading https://download-r2.pytorch.org/whl/cu128/torchaudio-2.7.1%2Bcu128-cp312-cp312-manylinux_2_28_x86_64.whl.metadata (6.6 kB)
Requirement already satisfied: filelock in ./miniconda3/lib/python3.12/site-packages (from torch==2.7.1) (3.16.1)
Requirement already satisfied: typing-extensions>=4.10.0 in ./miniconda3/lib/python3.12/site-packages (from torch==2.7.1) (4.12.2)
Requirement already satisfied: setuptools in ./miniconda3/lib/python3.12/site-packages (from torch==2.7.1) (69.5.1)
Collecting sympy>=1.13.3 (from torch==2.7.1)
  Downloading sympy-1.14.0-py3-none-any.whl.metadata (12 kB)
Requirement already satisfied: networkx in ./miniconda3/lib/python3.12/site-packages (from torch==2.7.1) (3.4.2)
Requirement already satisfied: jinja2 in ./miniconda3/lib/python3.12/site-packages (from torch==2.7.1) (3.1.4)
Requirement already satisfied: fsspec in ./miniconda3/lib/python3.12/site-packages (from torch==2.7.1) (2024.10.0)
Collecting nvidia-cuda-nvrtc-cu12==12.8.61 (from torch==2.7.1)
  Downloading https://pypi.nvidia.com/nvidia-cuda-nvrtc-cu12/nvidia_cuda_nvrtc_cu12-12.8.61-py3-none-manylinux2010_x86_64.manylinux_2_12_x86_64.whl (88.0 MB)
     ━━━━━━━━━━━━━━━━━━━━━━━━━━━━━━━━━━━━━━━━ 88.0/88.0 MB 11.2 MB/s eta 0:00:00
Collecting nvidia-cuda-runtime-cu12==12.8.57 (from torch==2.7.1)
  Downloading https://pypi.nvidia.com/nvidia-cuda-runtime-cu12/nvidia_cuda_runtime_cu12-12.8.57-py3-none-manylinux2014_x86_64.manylinux_2_17_x86_64.whl (954 kB)
     ━━━━━━━━━━━━━━━━━━━━━━━━━━━━━━━━━━━━━━ 954.8/954.8 kB 13.7 MB/s eta 0:00:00
Collecting nvidia-cuda-cupti-cu12==12.8.57 (from torch==2.7.1)
  Downloading https://pypi.nvidia.com/nvidia-cuda-cupti-cu12/nvidia_cuda_cupti_cu12-12.8.57-py3-none-manylinux2014_x86_64.manylinux_2_17_x86_64.whl (10.2 MB)
     ━━━━━━━━━━━━━━━━━━━━━━━━━━━━━━━━━━━━━━━━ 10.2/10.2 MB 17.3 MB/s eta 0:00:00
Collecting nvidia-cudnn-cu12==9.7.1.26 (from torch==2.7.1)
  Downloading https://pypi.nvidia.com/nvidia-cudnn-cu12/nvidia_cudnn_cu12-9.7.1.26-py3-none-manylinux_2_27_x86_64.whl (726.9 MB)
     ━━━━━━━━━━━━━━━━━━━━━━━━━━━━━━━━━━━━━━ 726.9/726.9 MB 11.6 MB/s eta 0:00:00
Collecting nvidia-cublas-cu12==12.8.3.14 (from torch==2.7.1)
  Downloading https://pypi.nvidia.com/nvidia-cublas-cu12/nvidia_cublas_cu12-12.8.3.14-py3-none-manylinux_2_27_x86_64.whl (609.6 MB)
     ━━━━━━━━━━━━━━━━━━━━━━━━━━━━━━━━━━━━━━ 609.6/609.6 MB 12.0 MB/s eta 0:00:00
Collecting nvidia-cufft-cu12==11.3.3.41 (from torch==2.7.1)
  Downloading https://pypi.nvidia.com/nvidia-cufft-cu12/nvidia_cufft_cu12-11.3.3.41-py3-none-manylinux2014_x86_64.manylinux_2_17_x86_64.whl (193.1 MB)
     ━━━━━━━━━━━━━━━━━━━━━━━━━━━━━━━━━━━━━━ 193.1/193.1 MB 11.8 MB/s eta 0:00:00
Collecting nvidia-curand-cu12==10.3.9.55 (from torch==2.7.1)
  Downloading https://pypi.nvidia.com/nvidia-curand-cu12/nvidia_curand_cu12-10.3.9.55-py3-none-manylinux_2_27_x86_64.whl (63.6 MB)
     ━━━━━━━━━━━━━━━━━━━━━━━━━━━━━━━━━━━━━━━━ 63.6/63.6 MB 11.7 MB/s eta 0:00:00
Collecting nvidia-cusolver-cu12==11.7.2.55 (from torch==2.7.1)
  Downloading https://pypi.nvidia.com/nvidia-cusolver-cu12/nvidia_cusolver_cu12-11.7.2.55-py3-none-manylinux_2_27_x86_64.whl (260.4 MB)
     ━━━━━━━━━━━━━━━━━━━━━━━━━━━━━━━━━━━━━━ 260.4/260.4 MB 11.9 MB/s eta 0:00:00
Collecting nvidia-cusparse-cu12==12.5.7.53 (from torch==2.7.1)
  Downloading https://pypi.nvidia.com/nvidia-cusparse-cu12/nvidia_cusparse_cu12-12.5.7.53-py3-none-manylinux2014_x86_64.manylinux_2_17_x86_64.whl (292.1 MB)
     ━━━━━━━━━━━━━━━━━━━━━━━━━━━━━━━━━━━━━━ 292.1/292.1 MB 12.1 MB/s eta 0:00:00
Collecting nvidia-cusparselt-cu12==0.6.3 (from torch==2.7.1)
  Downloading https://pypi.nvidia.com/nvidia-cusparselt-cu12/nvidia_cusparselt_cu12-0.6.3-py3-none-manylinux2014_x86_64.whl (156.8 MB)
     ━━━━━━━━━━━━━━━━━━━━━━━━━━━━━━━━━━━━━━ 156.8/156.8 MB 11.7 MB/s eta 0:00:00
Collecting nvidia-nccl-cu12==2.26.2 (from torch==2.7.1)
  Downloading https://pypi.nvidia.com/nvidia-nccl-cu12/nvidia_nccl_cu12-2.26.2-py3-none-manylinux2014_x86_64.manylinux_2_17_x86_64.whl (201.3 MB)
     ━━━━━━━━━━━━━━━━━━━━━━━━━━━━━━━━━━━━━━ 201.3/201.3 MB 11.9 MB/s eta 0:00:00
Collecting nvidia-nvtx-cu12==12.8.55 (from torch==2.7.1)
  Downloading https://pypi.nvidia.com/nvidia-nvtx-cu12/nvidia_nvtx_cu12-12.8.55-py3-none-manylinux2014_x86_64.manylinux_2_17_x86_64.whl (89 kB)
     ━━━━━━━━━━━━━━━━━━━━━━━━━━━━━━━━━━━━━━━━ 89.9/89.9 kB 17.2 MB/s eta 0:00:00
Collecting nvidia-nvjitlink-cu12==12.8.61 (from torch==2.7.1)
  Downloading https://pypi.nvidia.com/nvidia-nvjitlink-cu12/nvidia_nvjitlink_cu12-12.8.61-py3-none-manylinux2010_x86_64.manylinux_2_12_x86_64.whl (39.2 MB)
     ━━━━━━━━━━━━━━━━━━━━━━━━━━━━━━━━━━━━━━━━ 39.2/39.2 MB 12.1 MB/s eta 0:00:00
Collecting nvidia-cufile-cu12==1.13.0.11 (from torch==2.7.1)
  Downloading https://pypi.nvidia.com/nvidia-cufile-cu12/nvidia_cufile_cu12-1.13.0.11-py3-none-manylinux2014_x86_64.manylinux_2_17_x86_64.whl (1.2 MB)
     ━━━━━━━━━━━━━━━━━━━━━━━━━━━━━━━━━━━━━━━━ 1.2/1.2 MB 14.6 MB/s eta 0:00:00
Collecting triton==3.3.1 (from torch==2.7.1)
  Downloading https://download-r2.pytorch.org/whl/triton-3.3.1-cp312-cp312-manylinux_2_27_x86_64.manylinux_2_28_x86_64.whl.metadata (1.5 kB)
Requirement already satisfied: numpy in ./miniconda3/lib/python3.12/site-packages (from torchvision==0.22.1) (2.1.3)
Requirement already satisfied: pillow!=8.3.*,>=5.3.0 in ./miniconda3/lib/python3.12/site-packages (from torchvision==0.22.1) (11.0.0)
Requirement already satisfied: mpmath<1.4,>=1.1.0 in ./miniconda3/lib/python3.12/site-packages (from sympy>=1.13.3->torch==2.7.1) (1.3.0)
Requirement already satisfied: MarkupSafe>=2.0 in ./miniconda3/lib/python3.12/site-packages (from jinja2->torch==2.7.1) (3.0.2)
Downloading https://download-r2.pytorch.org/whl/cu128/torch-2.7.1%2Bcu128-cp312-cp312-manylinux_2_28_x86_64.whl (1039.2 MB)
   ━━━━━━━━━━━━━━━━━━━━━━━━━━━━━━━━━━━━━━━━ 1.0/1.0 GB 3.0 MB/s eta 0:00:00
Downloading https://download-r2.pytorch.org/whl/cu128/torchvision-0.22.1%2Bcu128-cp312-cp312-manylinux_2_28_x86_64.whl (8.7 MB)
   ━━━━━━━━━━━━━━━━━━━━━━━━━━━━━━━━━━━━━━━━ 8.7/8.7 MB 2.7 MB/s eta 0:00:00
Downloading https://download-r2.pytorch.org/whl/cu128/torchaudio-2.7.1%2Bcu128-cp312-cp312-manylinux_2_28_x86_64.whl (3.9 MB)
   ━━━━━━━━━━━━━━━━━━━━━━━━━━━━━━━━━━━━━━━━ 3.9/3.9 MB 4.1 MB/s eta 0:00:00
Downloading https://download-r2.pytorch.org/whl/triton-3.3.1-cp312-cp312-manylinux_2_27_x86_64.manylinux_2_28_x86_64.whl (155.7 MB)
   ━━━━━━━━━━━━━━━━━━━━━━━━━━━━━━━━━━━━━━━━ 155.7/155.7 MB 3.3 MB/s eta 0:00:00
Downloading sympy-1.14.0-py3-none-any.whl (6.3 MB)
   ━━━━━━━━━━━━━━━━━━━━━━━━━━━━━━━━━━━━━━━━ 6.3/6.3 MB 14.5 kB/s eta 0:00:00
Installing collected packages: nvidia-cusparselt-cu12, triton, sympy, nvidia-nvtx-cu12, nvidia-nvjitlink-cu12, nvidia-nccl-cu12, nvidia-curand-cu12, nvidia-cufile-cu12, nvidia-cuda-runtime-cu12, nvidia-cuda-nvrtc-cu12, nvidia-cuda-cupti-cu12, nvidia-cublas-cu12, nvidia-cusparse-cu12, nvidia-cufft-cu12, nvidia-cudnn-cu12, nvidia-cusolver-cu12, torch, torchvision, torchaudio
  Attempting uninstall: nvidia-cusparselt-cu12
    Found existing installation: nvidia-cusparselt-cu12 0.6.2
    Not uninstalling nvidia-cusparselt-cu12 at /root/miniconda3/lib/python3.12/site-packages, outside environment /root/autodl-tmp/r3_env
    Can't uninstall 'nvidia-cusparselt-cu12'. No files were found to uninstall.
  Attempting uninstall: triton
    Found existing installation: triton 3.2.0
    Not uninstalling triton at /root/miniconda3/lib/python3.12/site-packages, outside environment /root/autodl-tmp/r3_env
    Can't uninstall 'triton'. No files were found to uninstall.
  Attempting uninstall: sympy
    Found existing installation: sympy 1.13.1
    Not uninstalling sympy at /root/miniconda3/lib/python3.12/site-packages, outside environment /root/autodl-tmp/r3_env
    Can't uninstall 'sympy'. No files were found to uninstall.
  Attempting uninstall: nvidia-nvtx-cu12
    Found existing installation: nvidia-nvtx-cu12 12.4.127
    Not uninstalling nvidia-nvtx-cu12 at /root/miniconda3/lib/python3.12/site-packages, outside environment /root/autodl-tmp/r3_env
    Can't uninstall 'nvidia-nvtx-cu12'. No files were found to uninstall.
  Attempting uninstall: nvidia-nvjitlink-cu12
    Found existing installation: nvidia-nvjitlink-cu12 12.4.127
    Not uninstalling nvidia-nvjitlink-cu12 at /root/miniconda3/lib/python3.12/site-packages, outside environment /root/autodl-tmp/r3_env
    Can't uninstall 'nvidia-nvjitlink-cu12'. No files were found to uninstall.
  Attempting uninstall: nvidia-nccl-cu12
    Found existing installation: nvidia-nccl-cu12 2.21.5
    Not uninstalling nvidia-nccl-cu12 at /root/miniconda3/lib/python3.12/site-packages, outside environment /root/autodl-tmp/r3_env
    Can't uninstall 'nvidia-nccl-cu12'. No files were found to uninstall.
  Attempting uninstall: nvidia-curand-cu12
    Found existing installation: nvidia-curand-cu12 10.3.5.147
    Not uninstalling nvidia-curand-cu12 at /root/miniconda3/lib/python3.12/site-packages, outside environment /root/autodl-tmp/r3_env
    Can't uninstall 'nvidia-curand-cu12'. No files were found to uninstall.
  Attempting uninstall: nvidia-cuda-runtime-cu12
    Found existing installation: nvidia-cuda-runtime-cu12 12.4.127
    Not uninstalling nvidia-cuda-runtime-cu12 at /root/miniconda3/lib/python3.12/site-packages, outside environment /root/autodl-tmp/r3_env
    Can't uninstall 'nvidia-cuda-runtime-cu12'. No files were found to uninstall.
  Attempting uninstall: nvidia-cuda-nvrtc-cu12
    Found existing installation: nvidia-cuda-nvrtc-cu12 12.4.127
    Not uninstalling nvidia-cuda-nvrtc-cu12 at /root/miniconda3/lib/python3.12/site-packages, outside environment /root/autodl-tmp/r3_env
    Can't uninstall 'nvidia-cuda-nvrtc-cu12'. No files were found to uninstall.
  Attempting uninstall: nvidia-cuda-cupti-cu12
    Found existing installation: nvidia-cuda-cupti-cu12 12.4.127
    Not uninstalling nvidia-cuda-cupti-cu12 at /root/miniconda3/lib/python3.12/site-packages, outside environment /root/autodl-tmp/r3_env
    Can't uninstall 'nvidia-cuda-cupti-cu12'. No files were found to uninstall.
  Attempting uninstall: nvidia-cublas-cu12
    Found existing installation: nvidia-cublas-cu12 12.4.5.8
    Not uninstalling nvidia-cublas-cu12 at /root/miniconda3/lib/python3.12/site-packages, outside environment /root/autodl-tmp/r3_env
    Can't uninstall 'nvidia-cublas-cu12'. No files were found to uninstall.
  Attempting uninstall: nvidia-cusparse-cu12
    Found existing installation: nvidia-cusparse-cu12 12.3.1.170
    Not uninstalling nvidia-cusparse-cu12 at /root/miniconda3/lib/python3.12/site-packages, outside environment /root/autodl-tmp/r3_env
    Can't uninstall 'nvidia-cusparse-cu12'. No files were found to uninstall.
  Attempting uninstall: nvidia-cufft-cu12
    Found existing installation: nvidia-cufft-cu12 11.2.1.3
    Not uninstalling nvidia-cufft-cu12 at /root/miniconda3/lib/python3.12/site-packages, outside environment /root/autodl-tmp/r3_env
    Can't uninstall 'nvidia-cufft-cu12'. No files were found to uninstall.
  Attempting uninstall: nvidia-cudnn-cu12
    Found existing installation: nvidia-cudnn-cu12 9.1.0.70
    Not uninstalling nvidia-cudnn-cu12 at /root/miniconda3/lib/python3.12/site-packages, outside environment /root/autodl-tmp/r3_env
    Can't uninstall 'nvidia-cudnn-cu12'. No files were found to uninstall.
  Attempting uninstall: nvidia-cusolver-cu12
    Found existing installation: nvidia-cusolver-cu12 11.6.1.9
    Not uninstalling nvidia-cusolver-cu12 at /root/miniconda3/lib/python3.12/site-packages, outside environment /root/autodl-tmp/r3_env
    Can't uninstall 'nvidia-cusolver-cu12'. No files were found to uninstall.
  Attempting uninstall: torch
    Found existing installation: torch 2.6.0+cu124
    Not uninstalling torch at /root/miniconda3/lib/python3.12/site-packages, outside environment /root/autodl-tmp/r3_env
    Can't uninstall 'torch'. No files were found to uninstall.
  Attempting uninstall: torchvision
    Found existing installation: torchvision 0.21.0+cu124
    Not uninstalling torchvision at /root/miniconda3/lib/python3.12/site-packages, outside environment /root/autodl-tmp/r3_env
    Can't uninstall 'torchvision'. No files were found to uninstall.
Successfully installed nvidia-cublas-cu12-12.8.3.14 nvidia-cuda-cupti-cu12-12.8.57 nvidia-cuda-nvrtc-cu12-12.8.61 nvidia-cuda-runtime-cu12-12.8.57 nvidia-cudnn-cu12-9.7.1.26 nvidia-cufft-cu12-11.3.3.41 nvidia-cufile-cu12-1.13.0.11 nvidia-curand-cu12-10.3.9.55 nvidia-cusolver-cu12-11.7.2.55 nvidia-cusparse-cu12-12.5.7.53 nvidia-cusparselt-cu12-0.6.3 nvidia-nccl-cu12-2.26.2 nvidia-nvjitlink-cu12-12.8.61 nvidia-nvtx-cu12-12.8.55 sympy-1.14.0 torch-2.7.1+cu128 torchaudio-2.7.1+cu128 torchvision-0.22.1+cu128 triton-3.3.1
Looking in indexes: http://mirrors.aliyun.com/pypi/simple
Collecting cupy-cuda12x==13.6.0
  Downloading http://mirrors.aliyun.com/pypi/packages/e0/95/d7e1295141e7d530674a3cc567e13ed0eb6b81524cb122d797ed996b5bea/cupy_cuda12x-13.6.0-cp312-cp312-manylinux2014_x86_64.whl (112.9 MB)
     ━━━━━━━━━━━━━━━━━━━━━━━━━━━━━━━━━━━━━ 112.9/112.9 MB 805.2 kB/s eta 0:00:00
Requirement already satisfied: numpy<2.6,>=1.22 in ./miniconda3/lib/python3.12/site-packages (from cupy-cuda12x==13.6.0) (2.1.3)
Requirement already satisfied: fastrlock>=0.5 in ./miniconda3/lib/python3.12/site-packages (from cupy-cuda12x==13.6.0) (0.8.3)
Installing collected packages: cupy-cuda12x
  Attempting uninstall: cupy-cuda12x
    Found existing installation: cupy-cuda12x 13.4.1
    Not uninstalling cupy-cuda12x at /root/miniconda3/lib/python3.12/site-packages, outside environment /root/autodl-tmp/r3_env
    Can't uninstall 'cupy-cuda12x'. No files were found to uninstall.
Successfully installed cupy-cuda12x-13.6.0

[notice] A new release of pip is available: 24.0 -> 26.2.1
[notice] To update, run: pip install --upgrade pip
INSTALL_COMPLETE
