{"id": "A_s9621_a2_K1024_e2_raw", "ce": 1.4727872005666607, "accuracy": 0.6386, "engine": "graph", "seconds": 14.949970711022615}
{"id": "A_s9621_a2_K1024_e4_raw", "ce": 1.393289347213239, "accuracy": 0.6513, "engine": "graph", "seconds": 19.281890615820885}
{"id": "A_s9621_a2_K1024_c2_e2_bn9640", "ce": 1.4099340088968282, "accuracy": 0.6427, "engine": "graph", "seconds": 14.262743836268783}
{"id": "A_s9621_a2_K1024_c4_e4_bn9640", "ce": 1.285330761302053, "accuracy": 0.6619, "engine": "graph", "seconds": 23.49294252321124}
{"id": "A_s9621_a4_K512_e2_raw", "ce": 1.631406554058753, "accuracy": 0.6196, "engine": "graph", "seconds": 12.483767164871097}
{"id": "A_s9621_a4_K512_e4_raw", "ce": 1.392698463629617, "accuracy": 0.6617, "engine": "graph", "seconds": 16.709264054894447}
{"id": "A_s9621_a4_K512_c2_e2_bn9640", "ce": 1.5679175748030656, "accuracy": 0.6323, "engine": "graph", "seconds": 14.882634902372956}
{"id": "A_s9621_a4_K512_c4_e4_bn9640", "ce": 1.3142091567477212, "accuracy": 0.6675, "engine": "graph", "seconds": 22.621021984145045}
{"id": "A_s9621_a4_K1024_e2_raw", "ce": 1.6381470872174948, "accuracy": 0.6194, "engine": "graph", "seconds": 12.51134292036295}
{"id": "A_s9621_a4_K1024_e4_raw", "ce": 1.394752905939496, "accuracy": 0.665, "engine": "graph", "seconds": 17.96300035342574}
{"id": "A_s9621_a4_K1024_c2_e2_bn9640", "ce": 1.568393117465591, "accuracy": 0.6306, "engine": "graph", "seconds": 14.762344058603048}
{"id": "A_s9621_a4_K1024_c4_e4_bn9640", "ce": 1.3158276390619577, "accuracy": 0.6674, "engine": "graph", "seconds": 22.170813811942935}
{"id": "A_s9622_a2_K2048_e2_raw", "ce": 1.4950303302354877, "accuracy": 0.644, "engine": "graph", "seconds": 13.048147566616535}
{"id": "A_s9622_a2_K2048_e4_raw", "ce": 1.4127521727229468, "accuracy": 0.6483, "engine": "graph", "seconds": 18.978797802701592}
{"id": "A_s9622_a2_K2048_c2_e2_bn9640", "ce": 1.398505127434223, "accuracy": 0.6528, "engine": "graph", "seconds": 14.274693720042706}
{"id": "A_s9622_a2_K2048_c2_e4_bn9640", "ce": 1.3227613769464428, "accuracy": 0.6608, "engine": "graph", "seconds": 19.009308490902185}
{"id": "A_s9622_a2_K2048_c4_e2_bn9640", "ce": 1.4530256648567157, "accuracy": 0.6425, "engine": "graph", "seconds": 15.833416879177094}
{"id": "A_s9622_a2_K2048_c4_e4_bn9640", "ce": 1.2924639684092951, "accuracy": 0.6659, "engine": "graph", "seconds": 19.065619844943285}
{"id": "A_s9622_a2_K2048_c2_e2_bn9740", "ce": 1.3914490470427439, "accuracy": 0.6506, "engine": "graph", "seconds": 14.050022833049297}
{"id": "A_s9622_a2_K2048_c2_e4_bn9740", "ce": 1.3247231359208351, "accuracy": 0.6609, "engine": "graph", "seconds": 19.069867968559265}
{"id": "A_s9622_a2_K2048_c4_e2_bn9740", "ce": 1.450632329384936, "accuracy": 0.6348, "engine": "graph", "seconds": 15.759704386815429}
{"id": "A_s9622_a2_K2048_c4_e4_bn9740", "ce": 1.2997883668846508, "accuracy": 0.6609, "engine": "graph", "seconds": 18.76789860986173}
{"id": "A_s9622_a2_K2048_c2_e2_bn9840", "ce": 1.3928516826577602, "accuracy": 0.6527, "engine": "graph", "seconds": 15.021981926634908}
{"id": "A_s9622_a2_K2048_c2_e4_bn9840", "ce": 1.3174074712595611, "accuracy": 0.662, "engine": "graph", "seconds": 18.449055079370737}
{"id": "A_s9622_a2_K2048_c4_e2_bn9840", "ce": 1.4550936283882707, "accuracy": 0.6378, "engine": "graph", "seconds": 16.269078191369772}
{"id": "A_s9622_a2_K2048_c4_e4_bn9840", "ce": 1.2933204911035776, "accuracy": 0.6662, "engine": "graph", "seconds": 18.431639907881618}
{"id": "A_s9623_a2_K512_e2_raw", "ce": 1.5498137660784648, "accuracy": 0.6305, "engine": "graph", "seconds": 13.019449027255177}
{"id": "A_s9623_a2_K512_e4_raw", "ce": 1.4853057001914713, "accuracy": 0.6396, "engine": "graph", "seconds": 18.38086599484086}
{"id": "A_s9623_a2_K512_c2_e2_bn9640", "ce": 1.4378129704160383, "accuracy": 0.6414, "engine": "graph", "seconds": 14.886329313740134}
{"id": "A_s9623_a2_K512_c4_e4_bn9640", "ce": 1.2906019001703535, "accuracy": 0.6632, "engine": "graph", "seconds": 22.27564286440611}
{"id": "A_s9623_a2_K1024_e2_raw", "ce": 1.4579428363117157, "accuracy": 0.6419, "engine": "graph", "seconds": 12.690363749861717}
{"id": "A_s9623_a2_K1024_e4_raw", "ce": 1.3890531384686358, "accuracy": 0.6502, "engine": "graph", "seconds": 18.578845132142305}
{"id": "A_s9623_a2_K1024_c2_e2_bn9640", "ce": 1.4069862269171747, "accuracy": 0.6405, "engine": "graph", "seconds": 15.421313788741827}
{"id": "A_s9623_a2_K1024_c4_e4_bn9640", "ce": 1.2846478813229245, "accuracy": 0.6631, "engine": "graph", "seconds": 21.706031864508986}
{"id": "A_s9623_a2_K2048_e2_raw", "ce": 1.455045891254465, "accuracy": 0.6478, "engine": "graph", "seconds": 13.029869329184294}
{"id": "A_s9623_a2_K2048_e4_raw", "ce": 1.3785666014350486, "accuracy": 0.6557, "engine": "graph", "seconds": 19.383736008778214}
{"id": "A_s9623_a2_K2048_c2_e2_bn9640", "ce": 1.3945401990313082, "accuracy": 0.6491, "engine": "graph", "seconds": 15.77592665143311}
{"id": "A_s9623_a2_K2048_c2_e4_bn9640", "ce": 1.3151976665853697, "accuracy": 0.664, "engine": "graph", "seconds": 19.28556145168841}
{"id": "A_s9623_a2_K2048_c4_e2_bn9640", "ce": 1.4519675513875903, "accuracy": 0.6424, "engine": "graph", "seconds": 15.941885212436318}
{"id": "A_s9623_a2_K2048_c4_e4_bn9640", "ce": 1.2884155617911979, "accuracy": 0.6686, "engine": "graph", "seconds": 19.25915750861168}
{"id": "A_s9623_a2_K2048_c2_e2_bn9740", "ce": 1.3889844152675477, "accuracy": 0.6526, "engine": "graph", "seconds": 14.760009171441197}
{"id": "A_s9623_a2_K2048_c2_e4_bn9740", "ce": 1.3248058439423533, "accuracy": 0.6563, "engine": "graph", "seconds": 19.73582716099918}
{"id": "A_s9623_a2_K2048_c4_e2_bn9740", "ce": 1.446382120272983, "accuracy": 0.6369, "engine": "graph", "seconds": 15.748696189373732}
{"id": "A_s9623_a2_K2048_c4_e4_bn9740", "ce": 1.2926019691655413, "accuracy": 0.6637, "engine": "graph", "seconds": 19.147743120789528}
{"id": "A_s9623_a2_K2048_c2_e2_bn9840", "ce": 1.3947116685067886, "accuracy": 0.6531, "engine": "graph", "seconds": 15.536280531436205}
{"id": "A_s9623_a2_K2048_c2_e4_bn9840", "ce": 1.3201445502262765, "accuracy": 0.6612, "engine": "graph", "seconds": 19.190101023763418}
{"id": "A_s9623_a2_K2048_c4_e2_bn9840", "ce": 1.4502294901762507, "accuracy": 0.6397, "engine": "graph", "seconds": 16.795106699690223}
{"id": "A_s9623_a2_K2048_c4_e4_bn9840", "ce": 1.2912971058300915, "accuracy": 0.6663, "engine": "graph", "seconds": 17.72864332050085}
{"id": "A_s9623_a4_K2048_e2_raw", "ce": 1.5909839911530725, "accuracy": 0.6222, "engine": "graph", "seconds": 13.087321372702718}
{"id": "A_s9623_a4_K2048_e4_raw", "ce": 1.3608354207520315, "accuracy": 0.6724, "engine": "graph", "seconds": 18.44878227636218}
{"id": "A_s9623_a4_K2048_c2_e2_bn9640", "ce": 1.5535385526084806, "accuracy": 0.6394, "engine": "graph", "seconds": 16.304732816293836}
{"id": "A_s9623_a4_K2048_c2_e4_bn9640", "ce": 1.434529790818179, "accuracy": 0.6552, "engine": "graph", "seconds": 19.27058527059853}
{"id": "A_s9623_a4_K2048_c4_e2_bn9640", "ce": 1.540196301526716, "accuracy": 0.6291, "engine": "graph", "seconds": 15.669092645868659}
{"id": "A_s9623_a4_K2048_c4_e4_bn9640", "ce": 1.307710681524314, "accuracy": 0.6717, "engine": "graph", "seconds": 18.73934785090387}
{"id": "A_s9623_a4_K2048_c2_e2_bn9740", "ce": 1.5539398601467953, "accuracy": 0.6337, "engine": "graph", "seconds": 15.718296661973}
{"id": "A_s9623_a4_K2048_c2_e4_bn9740", "ce": 1.4412692116146442, "accuracy": 0.6544, "engine": "graph", "seconds": 19.25246743671596}
{"id": "A_s9623_a4_K2048_c4_e2_bn9740", "ce": 1.5352853431875817, "accuracy": 0.6324, "engine": "graph", "seconds": 15.668296927586198}
{"id": "A_s9623_a4_K2048_c4_e4_bn9740", "ce": 1.3043907881678838, "accuracy": 0.6734, "engine": "graph", "seconds": 18.631348418071866}
{"id": "A_s9623_a4_K2048_c2_e2_bn9840", "ce": 1.5545300206603947, "accuracy": 0.6369, "engine": "graph", "seconds": 15.630956418812275}
{"id": "A_s9623_a4_K2048_c2_e4_bn9840", "ce": 1.4352421848564292, "accuracy": 0.6551, "engine": "graph", "seconds": 19.14366351440549}
{"id": "A_s9623_a4_K2048_c4_e2_bn9840", "ce": 1.5377367704547942, "accuracy": 0.6305, "engine": "graph", "seconds": 15.684680052101612}
{"id": "A_s9623_a4_K2048_c4_e4_bn9840", "ce": 1.2997999032252003, "accuracy": 0.6754, "engine": "graph", "seconds": 18.913632068783045}
{"id": "A_s9624_a2_K1024_e2_raw", "ce": 1.4624100444696377, "accuracy": 0.6448, "engine": "graph", "seconds": 12.802440822124481}
{"id": "A_s9624_a2_K1024_e4_raw", "ce": 1.3962399274088442, "accuracy": 0.6488, "engine": "graph", "seconds": 18.890272486954927}
{"id": "A_s9624_a2_K1024_c2_e2_bn9640", "ce": 1.3982852950859814, "accuracy": 0.6525, "engine": "graph", "seconds": 14.785701867192984}
{"id": "A_s9624_a2_K1024_c4_e4_bn9640", "ce": 1.2860680377548939, "accuracy": 0.6629, "engine": "graph", "seconds": 22.269458808004856}
{"id": "A_s9624_a2_K2048_e2_raw", "ce": 1.4636053234715247, "accuracy": 0.6457, "engine": "graph", "seconds": 12.654745034873486}
{"id": "A_s9624_a2_K2048_e4_raw", "ce": 1.3816140737294975, "accuracy": 0.6557, "engine": "graph", "seconds": 18.682772155851126}
{"id": "A_s9624_a2_K2048_c2_e2_bn9640", "ce": 1.3824860316721839, "accuracy": 0.6512, "engine": "graph", "seconds": 14.527765102684498}
{"id": "A_s9624_a2_K2048_c2_e4_bn9640", "ce": 1.3077792524732823, "accuracy": 0.6641, "engine": "graph", "seconds": 18.806496700271964}
{"id": "A_s9624_a2_K2048_c4_e2_bn9640", "ce": 1.4491660747899906, "accuracy": 0.6357, "engine": "graph", "seconds": 16.420834943652153}
{"id": "A_s9624_a2_K2048_c4_e4_bn9640", "ce": 1.2856738130222627, "accuracy": 0.6643, "engine": "graph", "seconds": 18.584532784298062}
{"id": "A_s9624_a2_K2048_c2_e2_bn9740", "ce": 1.3888656960427528, "accuracy": 0.6476, "engine": "graph", "seconds": 14.873787363991141}
{"id": "A_s9624_a2_K2048_c2_e4_bn9740", "ce": 1.31783115413622, "accuracy": 0.6601, "engine": "graph", "seconds": 18.708966271951795}
{"id": "A_s9624_a2_K2048_c4_e2_bn9740", "ce": 1.4372012146586086, "accuracy": 0.6377, "engine": "graph", "seconds": 16.61367172189057}
{"id": "A_s9624_a2_K2048_c4_e4_bn9740", "ce": 1.2830513449816616, "accuracy": 0.6691, "engine": "graph", "seconds": 18.79481959156692}
{"id": "A_s9624_a2_K2048_c2_e2_bn9840", "ce": 1.386311152938567, "accuracy": 0.654, "engine": "graph", "seconds": 15.584393363445997}
{"id": "A_s9624_a2_K2048_c2_e4_bn9840", "ce": 1.3115884497963184, "accuracy": 0.6632, "engine": "graph", "seconds": 19.08848698064685}
{"id": "A_s9624_a2_K2048_c4_e2_bn9840", "ce": 1.444360323985666, "accuracy": 0.6384, "engine": "graph", "seconds": 15.70801073499024}
{"id": "A_s9624_a2_K2048_c4_e4_bn9840", "ce": 1.2845784083646548, "accuracy": 0.6673, "engine": "graph", "seconds": 18.803157588467002}
{"id": "A_s9624_a4_K1024_e2_raw", "ce": 1.598090937010944, "accuracy": 0.6233, "engine": "graph", "seconds": 12.76930040307343}
{"id": "A_s9624_a4_K1024_e4_raw", "ce": 1.3698952360392664, "accuracy": 0.6676, "engine": "graph", "seconds": 18.85523941554129}
{"id": "A_s9624_a4_K1024_c2_e2_bn9640", "ce": 1.5681668278597296, "accuracy": 0.6351, "engine": "graph", "seconds": 14.971070151776075}
{"id": "A_s9624_a4_K1024_c4_e4_bn9640", "ce": 1.3087013616082026, "accuracy": 0.6688, "engine": "graph", "seconds": 22.637186996638775}
{"id": "A_s9624_a4_K2048_e2_raw", "ce": 1.6256642482882366, "accuracy": 0.62, "engine": "graph", "seconds": 12.936598366126418}
{"id": "A_s9624_a4_K2048_e4_raw", "ce": 1.3807556360461517, "accuracy": 0.6696, "engine": "graph", "seconds": 19.06119011156261}
{"id": "A_s9624_a4_K2048_c2_e2_bn9640", "ce": 1.557754740768159, "accuracy": 0.6337, "engine": "graph", "seconds": 15.688905028626323}
{"id": "A_s9624_a4_K2048_c2_e4_bn9640", "ce": 1.4347090306554688, "accuracy": 0.6546, "engine": "graph", "seconds": 17.715198792517185}
{"id": "A_s9624_a4_K2048_c4_e2_bn9640", "ce": 1.5345499381719856, "accuracy": 0.6278, "engine": "graph", "seconds": 18.05578243918717}
{"id": "A_s9624_a4_K2048_c4_e4_bn9640", "ce": 1.2996580264964839, "accuracy": 0.6739, "engine": "graph", "seconds": 19.354451034218073}
{"id": "A_s9624_a4_K2048_c2_e2_bn9740", "ce": 1.5483263982542326, "accuracy": 0.6339, "engine": "graph", "seconds": 15.11436129361391}
{"id": "A_s9624_a4_K2048_c2_e4_bn9740", "ce": 1.437649602573272, "accuracy": 0.6514, "engine": "graph", "seconds": 18.213426902890205}
{"id": "A_s9624_a4_K2048_c4_e2_bn9740", "ce": 1.528253216620721, "accuracy": 0.636, "engine": "graph", "seconds": 17.207649633288383}
{"id": "A_s9624_a4_K2048_c4_e4_bn9740", "ce": 1.29839009159829, "accuracy": 0.6742, "engine": "graph", "seconds": 19.173414424061775}
{"id": "A_s9624_a4_K2048_c2_e2_bn9840", "ce": 1.5555701927729881, "accuracy": 0.6347, "engine": "graph", "seconds": 14.575272986665368}
{"id": "A_s9624_a4_K2048_c2_e4_bn9840", "ce": 1.4333702944580697, "accuracy": 0.6541, "engine": "graph", "seconds": 18.716528348624706}
{"id": "A_s9624_a4_K2048_c4_e2_bn9840", "ce": 1.530276465164544, "accuracy": 0.6327, "engine": "graph", "seconds": 16.451374167576432}
{"id": "A_s9624_a4_K2048_c4_e4_bn9840", "ce": 1.2968553971918184, "accuracy": 0.6756, "engine": "graph", "seconds": 18.97563186660409}
{"id": "A_s9625_a2_K512_e2_raw", "ce": 1.4879101163231303, "accuracy": 0.6385, "engine": "graph", "seconds": 12.76496922597289}
{"id": "A_s9625_a2_K512_e4_raw", "ce": 1.3986443148028223, "accuracy": 0.6526, "engine": "graph", "seconds": 18.18469463288784}
{"id": "A_s9625_a2_K512_c2_e2_bn9640", "ce": 1.4331455071540085, "accuracy": 0.642, "engine": "graph", "seconds": 17.048609297722578}
{"id": "A_s9625_a2_K512_c4_e4_bn9640", "ce": 1.2895758133682307, "accuracy": 0.6603, "engine": "graph", "seconds": 21.35328550823033}
{"id": "A_s9625_a2_K2048_e2_raw", "ce": 1.4659846210398944, "accuracy": 0.6411, "engine": "graph", "seconds": 13.330070724710822}
{"id": "A_s9625_a2_K2048_e4_raw", "ce": 1.3817012874202454, "accuracy": 0.6573, "engine": "graph", "seconds": 17.617241226136684}
{"id": "A_s9625_a2_K2048_c2_e2_bn9640", "ce": 1.3934278243625768, "accuracy": 0.6475, "engine": "graph", "seconds": 17.114020977169275}
{"id": "A_s9625_a2_K2048_c2_e4_bn9640", "ce": 1.3150588747703935, "accuracy": 0.664, "engine": "graph", "seconds": 19.305023608729243}
{"id": "A_s9625_a2_K2048_c4_e2_bn9640", "ce": 1.4550028621249833, "accuracy": 0.6338, "engine": "graph", "seconds": 15.849640959873796}
{"id": "A_s9625_a2_K2048_c4_e4_bn9640", "ce": 1.291644612846343, "accuracy": 0.6638, "engine": "graph", "seconds": 19.30658490397036}
{"id": "A_s9625_a2_K2048_c2_e2_bn9740", "ce": 1.3908999683326344, "accuracy": 0.6509, "engine": "graph", "seconds": 15.847983781248331}
{"id": "A_s9625_a2_K2048_c2_e4_bn9740", "ce": 1.3248822561743612, "accuracy": 0.6582, "engine": "graph", "seconds": 19.35483594611287}
{"id": "A_s9625_a2_K2048_c4_e2_bn9740", "ce": 1.4486135677318555, "accuracy": 0.6386, "engine": "graph", "seconds": 15.919089805334806}
{"id": "A_s9625_a2_K2048_c4_e4_bn9740", "ce": 1.2900258470786445, "accuracy": 0.6646, "engine": "graph", "seconds": 19.33420686982572}
{"id": "A_s9625_a2_K2048_c2_e2_bn9840", "ce": 1.3970726283882862, "accuracy": 0.6513, "engine": "graph", "seconds": 15.247262163087726}
{"id": "A_s9625_a2_K2048_c2_e4_bn9840", "ce": 1.3172934469664295, "accuracy": 0.6601, "engine": "graph", "seconds": 19.061285115778446}
{"id": "A_s9625_a2_K2048_c4_e2_bn9840", "ce": 1.455881529379741, "accuracy": 0.6325, "engine": "graph", "seconds": 15.827072383835912}
{"id": "A_s9625_a2_K2048_c4_e4_bn9840", "ce": 1.2908952078085043, "accuracy": 0.6657, "engine": "graph", "seconds": 19.14894911646843}
{"id": "B_s9721_a2_K512_e2_raw", "ce": 1.501507621459826, "accuracy": 0.6372, "engine": "graph", "seconds": 10.73610319942236}
{"id": "B_s9721_a2_K512_e4_raw", "ce": 1.4084129537841363, "accuracy": 0.6467, "engine": "graph", "seconds": 18.634501699358225}
{"id": "B_s9721_a2_K512_c2_e2_bn9640", "ce": 1.423620925296098, "accuracy": 0.6406, "engine": "graph", "seconds": 16.289893152192235}
{"id": "B_s9721_a2_K512_c4_e4_bn9640", "ce": 1.3046049371448463, "accuracy": 0.6563, "engine": "graph", "seconds": 22.640921959653497}
{"id": "B_s9721_a2_K2048_e2_raw", "ce": 1.4757313102895626, "accuracy": 0.6418, "engine": "graph", "seconds": 12.659872462972999}
{"id": "B_s9721_a2_K2048_e4_raw", "ce": 1.4016077433935075, "accuracy": 0.6518, "engine": "graph", "seconds": 18.8279413767159}
{"id": "B_s9721_a2_K2048_c2_e2_bn9640", "ce": 1.4171729318725061, "accuracy": 0.6451, "engine": "graph", "seconds": 14.841714890673757}
{"id": "B_s9721_a2_K2048_c2_e4_bn9640", "ce": 1.3511707665590105, "accuracy": 0.6507, "engine": "graph", "seconds": 18.8070180285722}
{"id": "B_s9721_a2_K2048_c4_e2_bn9640", "ce": 1.4445563806440913, "accuracy": 0.6396, "engine": "graph", "seconds": 16.35650559514761}
{"id": "B_s9721_a2_K2048_c4_e4_bn9640", "ce": 1.3219341488760838, "accuracy": 0.6576, "engine": "graph", "seconds": 18.76964595168829}
{"id": "B_s9721_a2_K2048_c2_e2_bn9740", "ce": 1.4104725267216331, "accuracy": 0.6521, "engine": "graph", "seconds": 14.91031072102487}
{"id": "B_s9721_a2_K2048_c2_e4_bn9740", "ce": 1.3485018446498085, "accuracy": 0.6531, "engine": "graph", "seconds": 18.766061019152403}
{"id": "B_s9721_a2_K2048_c4_e2_bn9740", "ce": 1.4298455972772208, "accuracy": 0.6396, "engine": "graph", "seconds": 16.302198136225343}
{"id": "B_s9721_a2_K2048_c4_e4_bn9740", "ce": 1.3143805683767016, "accuracy": 0.6585, "engine": "graph", "seconds": 20.079561745747924}
{"id": "B_s9721_a2_K2048_c2_e2_bn9840", "ce": 1.410285050534003, "accuracy": 0.6444, "engine": "graph", "seconds": 11.16345239430666}
{"id": "B_s9721_a2_K2048_c2_e4_bn9840", "ce": 1.3460803314377263, "accuracy": 0.6526, "engine": "graph", "seconds": 18.784180691465735}
{"id": "B_s9721_a2_K2048_c4_e2_bn9840", "ce": 1.4402012533454807, "accuracy": 0.6379, "engine": "graph", "seconds": 17.824173478409648}
{"id": "B_s9721_a2_K2048_c4_e4_bn9840", "ce": 1.3199587336408847, "accuracy": 0.6596, "engine": "graph", "seconds": 19.753073064610362}
{"id": "B_s9721_a4_K512_e2_raw", "ce": 1.6354914076145273, "accuracy": 0.62, "engine": "graph", "seconds": 10.519574807956815}
{"id": "B_s9721_a4_K512_e4_raw", "ce": 1.4117138140580383, "accuracy": 0.6617, "engine": "graph", "seconds": 17.27391413040459}
{"id": "B_s9721_a4_K512_c2_e2_bn9640", "ce": 1.580030536674708, "accuracy": 0.6267, "engine": "graph", "seconds": 16.329275174066424}
{"id": "B_s9721_a4_K512_c4_e4_bn9640", "ce": 1.329470367040462, "accuracy": 0.6657, "engine": "graph", "seconds": 23.88625357300043}
{"id": "B_s9721_a4_K1024_e2_raw", "ce": 1.652467502854718, "accuracy": 0.619, "engine": "graph", "seconds": 11.134904708713293}
{"id": "B_s9721_a4_K1024_e4_raw", "ce": 1.4357492006544723, "accuracy": 0.6598, "engine": "graph", "seconds": 17.34647810459137}
{"id": "B_s9721_a4_K1024_c2_e2_bn9640", "ce": 1.5918378707612866, "accuracy": 0.632, "engine": "graph", "seconds": 16.278392169624567}
{"id": "B_s9721_a4_K1024_c4_e4_bn9640", "ce": 1.329428702737158, "accuracy": 0.6666, "engine": "graph", "seconds": 23.884321235120296}
{"id": "B_s9721_a4_K2048_e2_raw", "ce": 1.6204921082162298, "accuracy": 0.6211, "engine": "graph", "seconds": 11.193609746173024}
{"id": "B_s9721_a4_K2048_e4_raw", "ce": 1.401789091871516, "accuracy": 0.6655, "engine": "graph", "seconds": 18.514080295339227}
{"id": "B_s9721_a4_K2048_c2_e2_bn9640", "ce": 1.5781554041861556, "accuracy": 0.6315, "engine": "graph", "seconds": 14.866719810292125}
{"id": "B_s9721_a4_K2048_c2_e4_bn9640", "ce": 1.445712355540879, "accuracy": 0.6439, "engine": "graph", "seconds": 18.878014370799065}
{"id": "B_s9721_a4_K2048_c4_e2_bn9640", "ce": 1.525176611581305, "accuracy": 0.6337, "engine": "graph", "seconds": 15.940194956958294}
{"id": "B_s9721_a4_K2048_c4_e4_bn9640", "ce": 1.3198437925902893, "accuracy": 0.6702, "engine": "graph", "seconds": 18.821322236210108}
{"id": "B_s9721_a4_K2048_c2_e2_bn9740", "ce": 1.579265180596942, "accuracy": 0.6277, "engine": "graph", "seconds": 14.914141291752458}
{"id": "B_s9721_a4_K2048_c2_e4_bn9740", "ce": 1.4466539325213292, "accuracy": 0.6478, "engine": "graph", "seconds": 18.716555232182145}
{"id": "B_s9721_a4_K2048_c4_e2_bn9740", "ce": 1.5221367673433852, "accuracy": 0.6333, "engine": "graph", "seconds": 15.952551305294037}
{"id": "B_s9721_a4_K2048_c4_e4_bn9740", "ce": 1.31717109865105, "accuracy": 0.6688, "engine": "graph", "seconds": 18.85124670341611}
{"id": "B_s9721_a4_K2048_c2_e2_bn9840", "ce": 1.5820040212600026, "accuracy": 0.6299, "engine": "graph", "seconds": 14.826417066156864}
{"id": "B_s9721_a4_K2048_c2_e4_bn9840", "ce": 1.4457703809999163, "accuracy": 0.6458, "engine": "graph", "seconds": 18.78268202394247}
{"id": "B_s9721_a4_K2048_c4_e2_bn9840", "ce": 1.5260020405985066, "accuracy": 0.6326, "engine": "graph", "seconds": 17.74325649254024}
{"id": "B_s9721_a4_K2048_c4_e4_bn9840", "ce": 1.3212317296596594, "accuracy": 0.6658, "engine": "graph", "seconds": 19.2080606687814}
{"id": "B_s9722_a2_K512_e2_raw", "ce": 1.5198176911550807, "accuracy": 0.6316, "engine": "graph", "seconds": 11.059466166421771}
{"id": "B_s9722_a2_K512_e4_raw", "ce": 1.4443775977532496, "accuracy": 0.6415, "engine": "graph", "seconds": 18.588869066908956}
{"id": "B_s9722_a2_K512_c2_e2_bn9640", "ce": 1.4341820125382276, "accuracy": 0.6385, "engine": "graph", "seconds": 14.834371410310268}
{"id": "B_s9722_a2_K512_c4_e4_bn9640", "ce": 1.3112039351725602, "accuracy": 0.6529, "engine": "graph", "seconds": 23.483404716476798}
{"id": "B_s9722_a4_K512_e2_raw", "ce": 1.6436742697633804, "accuracy": 0.6166, "engine": "graph", "seconds": 11.059038504958153}
{"id": "B_s9722_a4_K512_e4_raw", "ce": 1.4305124874614412, "accuracy": 0.6606, "engine": "graph", "seconds": 18.480432625859976}
{"id": "B_s9722_a4_K512_c2_e2_bn9640", "ce": 1.5866700869825203, "accuracy": 0.6285, "engine": "graph", "seconds": 14.798527464270592}
{"id": "B_s9722_a4_K512_c4_e4_bn9640", "ce": 1.331562484329805, "accuracy": 0.6617, "engine": "graph", "seconds": 23.492283277213573}
{"id": "B_s9722_a4_K1024_e2_raw", "ce": 1.6671367207173724, "accuracy": 0.6147, "engine": "graph", "seconds": 10.968290824443102}
{"id": "B_s9722_a4_K1024_e4_raw", "ce": 1.441214747261803, "accuracy": 0.656, "engine": "graph", "seconds": 18.507084721699357}
{"id": "B_s9722_a4_K1024_c2_e2_bn9640", "ce": 1.5836171374773607, "accuracy": 0.6332, "engine": "graph", "seconds": 14.846443798393011}
{"id": "B_s9722_a4_K1024_c4_e4_bn9640", "ce": 1.326970990133204, "accuracy": 0.6651, "engine": "graph", "seconds": 23.4608561322093}
{"id": "B_s9723_a2_K2048_e2_raw", "ce": 1.5236723329934174, "accuracy": 0.6375, "engine": "graph", "seconds": 12.653496714308858}
{"id": "B_s9723_a2_K2048_e4_raw", "ce": 1.461433906447969, "accuracy": 0.6396, "engine": "graph", "seconds": 18.884843396022916}
{"id": "B_s9723_a2_K2048_c2_e2_bn9640", "ce": 1.4061471660303884, "accuracy": 0.646, "engine": "graph", "seconds": 15.504106538370252}
{"id": "B_s9723_a2_K2048_c2_e4_bn9640", "ce": 1.3432381532668776, "accuracy": 0.6511, "engine": "graph", "seconds": 17.599081369116902}
{"id": "B_s9723_a2_K2048_c4_e2_bn9640", "ce": 1.4391763683666126, "accuracy": 0.634, "engine": "graph", "seconds": 17.68622591905296}
{"id": "B_s9723_a2_K2048_c4_e4_bn9640", "ce": 1.3178824478666122, "accuracy": 0.6562, "engine": "graph", "seconds": 19.112995384261012}
{"id": "B_s9723_a2_K2048_c2_e2_bn9740", "ce": 1.4103217120381655, "accuracy": 0.6485, "engine": "graph", "seconds": 14.814851850271225}
{"id": "B_s9723_a2_K2048_c2_e4_bn9740", "ce": 1.3440208971822751, "accuracy": 0.6511, "engine": "graph", "seconds": 17.57510469481349}
{"id": "B_s9723_a2_K2048_c4_e2_bn9740", "ce": 1.4325061704515247, "accuracy": 0.6399, "engine": "graph", "seconds": 17.7606684807688}
{"id": "B_s9723_a2_K2048_c4_e4_bn9740", "ce": 1.313277287504566, "accuracy": 0.6595, "engine": "graph", "seconds": 19.057294132187963}
{"id": "B_s9723_a2_K2048_c2_e2_bn9840", "ce": 1.4072481342276966, "accuracy": 0.643, "engine": "graph", "seconds": 14.980397684499621}
{"id": "B_s9723_a2_K2048_c2_e4_bn9840", "ce": 1.340277287124304, "accuracy": 0.6518, "engine": "graph", "seconds": 18.366812366992235}
{"id": "B_s9723_a2_K2048_c4_e2_bn9840", "ce": 1.4405307047918556, "accuracy": 0.6313, "engine": "graph", "seconds": 14.600060729309916}
{"id": "B_s9723_a2_K2048_c4_e4_bn9840", "ce": 1.3164211498896592, "accuracy": 0.6588, "engine": "graph", "seconds": 16.704116431996226}
{"id": "B_s9723_a4_K512_e2_raw", "ce": 1.6637117291188332, "accuracy": 0.6133, "engine": "graph", "seconds": 9.964624874293804}
{"id": "B_s9723_a4_K512_e4_raw", "ce": 1.460295649488666, "accuracy": 0.6506, "engine": "graph", "seconds": 17.17226785607636}
{"id": "B_s9723_a4_K512_c2_e2_bn9640", "ce": 1.5889882184779272, "accuracy": 0.6294, "engine": "graph", "seconds": 12.617051692679524}
{"id": "B_s9723_a4_K512_c4_e4_bn9640", "ce": 1.332808543484623, "accuracy": 0.6652, "engine": "graph", "seconds": 19.28601622954011}
{"id": "B_s9723_a4_K2048_e2_raw", "ce": 1.6422058631287888, "accuracy": 0.6166, "engine": "graph", "seconds": 9.561353323981166}
{"id": "B_s9723_a4_K2048_e4_raw", "ce": 1.4379427263406803, "accuracy": 0.6567, "engine": "graph", "seconds": 17.312007231637836}
{"id": "B_s9723_a4_K2048_c2_e2_bn9640", "ce": 1.5679486909253524, "accuracy": 0.6295, "engine": "graph", "seconds": 13.885586427524686}
{"id": "B_s9723_a4_K2048_c2_e4_bn9640", "ce": 1.4327415461604833, "accuracy": 0.6494, "engine": "graph", "seconds": 14.837897075340152}
{"id": "B_s9723_a4_K2048_c4_e2_bn9640", "ce": 1.5257714622932486, "accuracy": 0.6274, "engine": "graph", "seconds": 14.734764862805605}
{"id": "B_s9723_a4_K2048_c4_e4_bn9640", "ce": 1.319841735863965, "accuracy": 0.6666, "engine": "graph", "seconds": 15.44805333390832}
{"id": "B_s9723_a4_K2048_c2_e2_bn9740", "ce": 1.5611643471972085, "accuracy": 0.63, "engine": "graph", "seconds": 13.680899746716022}
{"id": "B_s9723_a4_K2048_c2_e4_bn9740", "ce": 1.4320057526495658, "accuracy": 0.6495, "engine": "graph", "seconds": 14.926205417141318}
{"id": "B_s9723_a4_K2048_c4_e2_bn9740", "ce": 1.5236631140243728, "accuracy": 0.6307, "engine": "graph", "seconds": 14.79627913236618}
{"id": "B_s9723_a4_K2048_c4_e4_bn9740", "ce": 1.3192944749350892, "accuracy": 0.6657, "engine": "graph", "seconds": 14.951030153781176}
{"id": "B_s9723_a4_K2048_c2_e2_bn9840", "ce": 1.5746259762146744, "accuracy": 0.6323, "engine": "graph", "seconds": 13.930786170065403}
{"id": "B_s9723_a4_K2048_c2_e4_bn9840", "ce": 1.4364414491912583, "accuracy": 0.6464, "engine": "graph", "seconds": 15.923789409920573}
{"id": "B_s9723_a4_K2048_c4_e2_bn9840", "ce": 1.5269905181777663, "accuracy": 0.633, "engine": "graph", "seconds": 14.374077208340168}
{"id": "B_s9723_a4_K2048_c4_e4_bn9840", "ce": 1.3202332229321356, "accuracy": 0.6662, "engine": "graph", "seconds": 14.685533126816154}
{"id": "legacy_language_s8621_K512_a2_e2_raw_eager", "ce": 2.7954389739160734, "accuracy": 0.49277696437286483, "engine": "eager", "seconds": 27.820079939439893}
{"id": "legacy_language_s8621_K512_a2_e4_raw_eager", "ce": 2.773115295453225, "accuracy": 0.49570522205954126, "engine": "eager", "seconds": 33.777074091136456}
{"id": "legacy_language_s8621_K512_a4_e2_raw_eager", "ce": 2.8532079173180143, "accuracy": 0.4882137628111274, "engine": "eager", "seconds": 26.57475301809609}
{"id": "legacy_language_s8621_K512_a4_e4_raw_eager", "ce": 2.632038896150247, "accuracy": 0.5168862859931674, "engine": "eager", "seconds": 34.20100883953273}
{"id": "legacy_language_s8622_K512_a2_e2_raw_eager", "ce": 2.7854502767222633, "accuracy": 0.49494875549048317, "engine": "eager", "seconds": 26.63273572549224}
{"id": "legacy_language_s8622_K512_a2_e4_raw_eager", "ce": 2.7795718578657653, "accuracy": 0.4965836993655442, "engine": "eager", "seconds": 36.22584495693445}
{"id": "legacy_language_s8623_K512_a2_e2_raw_eager", "ce": 2.7775067997362175, "accuracy": 0.49824304538799413, "engine": "eager", "seconds": 27.572055773809552}
{"id": "legacy_language_s8623_K512_a2_e4_raw_eager", "ce": 2.7741759425395847, "accuracy": 0.49880429477794047, "engine": "eager", "seconds": 35.906226919963956}
{"id": "legacy_language_s8623_K512_a4_e2_raw_eager", "ce": 2.852638846268426, "accuracy": 0.48650561249389945, "engine": "eager", "seconds": 25.903594659641385}
{"id": "legacy_language_s8623_K512_a4_e4_raw_eager", "ce": 2.637228915786628, "accuracy": 0.5149097120546609, "engine": "eager", "seconds": 33.56927469559014}
{"id": "legacy_language_s8621_K4096_a2_e2_raw_eager", "ce": 2.6849229623143835, "accuracy": 0.5079062957540263, "engine": "eager", "seconds": 25.59401280619204}
{"id": "legacy_language_s8621_K4096_a2_e4_raw_eager", "ce": 2.720414614869546, "accuracy": 0.5039043435822352, "engine": "eager", "seconds": 33.21447159163654}
{"id": "legacy_language_s8621_K4096_a2_e2_raw_graph", "ce": 2.6849229623143835, "accuracy": 0.5079062957540263, "engine": "graph", "seconds": 15.615726631134748}
{"id": "legacy_vision_s9622_K512_a2_e2_raw_eager", "ce": 1.5127857122831978, "accuracy": 0.6371, "engine": "eager", "seconds": 29.2060205694288}
{"id": "legacy_vision_s9622_K512_a2_e4_raw_eager", "ce": 1.4359639947950025, "accuracy": 0.6487, "engine": "eager", "seconds": 37.77523342333734}
{"id": "legacy_vision_s9623_K512_a4_e2_raw_eager", "ce": 1.6944721724104137, "accuracy": 0.611, "engine": "eager", "seconds": 28.837788248434663}
{"id": "legacy_vision_s9623_K512_a4_e4_raw_eager", "ce": 1.4484716907409951, "accuracy": 0.6567, "engine": "eager", "seconds": 37.787669852375984}
{"id": "legacy_vision_s9624_K512_a2_e2_raw_eager", "ce": 1.5072170188160614, "accuracy": 0.6383, "engine": "eager", "seconds": 28.21782186627388}
{"id": "legacy_vision_s9624_K512_a2_e4_raw_eager", "ce": 1.4260199213507236, "accuracy": 0.6489, "engine": "eager", "seconds": 37.0248674787581}
{"id": "legacy_vision_s9625_K512_a2_e2_raw_eager", "ce": 1.4793273100351683, "accuracy": 0.6391, "engine": "eager", "seconds": 28.866364063695073}
{"id": "legacy_vision_s9625_K512_a2_e4_raw_eager", "ce": 1.3978187978845322, "accuracy": 0.6522, "engine": "eager", "seconds": 38.31583149544895}
{"id": "legacy_vision_s9625_K512_a4_e2_raw_eager", "ce": 1.6246590783943422, "accuracy": 0.6206, "engine": "eager", "seconds": 29.694894533604383}
{"id": "legacy_vision_s9625_K512_a4_e4_raw_eager", "ce": 1.3749950638001551, "accuracy": 0.6667, "engine": "eager", "seconds": 38.007337510585785}
{"id": "legacy_vision_s9621_K2048_a2_e2_raw_eager", "ce": 1.492219903026009, "accuracy": 0.6395, "engine": "eager", "seconds": 29.132705809548497}
{"id": "legacy_vision_s9621_K2048_a2_e4_raw_eager", "ce": 1.4136736823366374, "accuracy": 0.6491, "engine": "eager", "seconds": 37.1829370521009}
{"id": "legacy_vision_s9622_K2048_a2_e2_raw_eager", "ce": 1.4892826544771902, "accuracy": 0.6395, "engine": "eager", "seconds": 28.24393756315112}
{"id": "legacy_vision_s9622_K2048_a2_e4_raw_eager", "ce": 1.404397939175542, "accuracy": 0.6529, "engine": "eager", "seconds": 37.112182116135955}
{"id": "legacy_vision_s9622_K2048_a4_e2_raw_eager", "ce": 1.6693008958800697, "accuracy": 0.6128, "engine": "eager", "seconds": 29.552740519866347}
{"id": "legacy_vision_s9622_K2048_a4_e4_raw_eager", "ce": 1.4159686972524272, "accuracy": 0.6626, "engine": "eager", "seconds": 37.226063238456845}
{"id": "legacy_vision_s9623_K2048_a2_e2_raw_eager", "ce": 1.447917831734917, "accuracy": 0.6476, "engine": "eager", "seconds": 29.80244605243206}
{"id": "legacy_vision_s9623_K2048_a2_e4_raw_eager", "ce": 1.377392064781033, "accuracy": 0.6548, "engine": "eager", "seconds": 38.042398205026984}
{"id": "legacy_vision_s9625_K2048_a4_e2_raw_eager", "ce": 1.6445423171676696, "accuracy": 0.6158, "engine": "eager", "seconds": 29.464730659499764}
{"id": "legacy_vision_s9625_K2048_a4_e4_raw_eager", "ce": 1.3925102420259965, "accuracy": 0.6649, "engine": "eager", "seconds": 38.04702831059694}
{"id": "legacy_vision_s9622_K512_a2_e2_bn_only_eager", "ce": 1.424775271091261, "accuracy": 0.6455, "engine": "eager", "seconds": 30.898571165278554}
{"id": "legacy_vision_s9622_K512_a2_e4_bn_only_eager", "ce": 1.2899602240568027, "accuracy": 0.6625, "engine": "eager", "seconds": 39.99228398129344}
{"id": "legacy_vision_s9623_K512_a4_e2_bn_only_eager", "ce": 1.583280052037118, "accuracy": 0.6311, "engine": "eager", "seconds": 29.78670984134078}
{"id": "legacy_vision_s9623_K512_a4_e4_bn_only_eager", "ce": 1.3193076561662833, "accuracy": 0.6717, "engine": "eager", "seconds": 39.139167284592986}
{"id": "legacy_vision_s9624_K512_a2_e2_bn_only_eager", "ce": 1.4247358407018589, "accuracy": 0.6463, "engine": "eager", "seconds": 29.71959870867431}
{"id": "legacy_vision_s9624_K512_a2_e4_bn_only_eager", "ce": 1.2845386049879248, "accuracy": 0.6624, "engine": "eager", "seconds": 40.63266339711845}
{"id": "legacy_vision_s9625_K512_a2_e2_bn_only_eager", "ce": 1.435076649113465, "accuracy": 0.6382, "engine": "eager", "seconds": 31.26922315172851}
{"id": "legacy_vision_s9625_K512_a2_e4_bn_only_eager", "ce": 1.2913512207362656, "accuracy": 0.663, "engine": "eager", "seconds": 41.28092377446592}
{"id": "legacy_vision_s9625_K512_a4_e2_bn_only_eager", "ce": 1.5796743129638489, "accuracy": 0.6299, "engine": "eager", "seconds": 30.873762058094144}
{"id": "legacy_vision_s9625_K512_a4_e4_bn_only_eager", "ce": 1.3240025515366463, "accuracy": 0.6729, "engine": "eager", "seconds": 40.584129959344864}
{"id": "legacy_vision_s9621_K2048_a2_e2_bn_only_eager", "ce": 1.4004521310169715, "accuracy": 0.6523, "engine": "eager", "seconds": 29.902673091739416}
{"id": "legacy_vision_s9621_K2048_a2_e4_bn_only_eager", "ce": 1.2958257535823359, "accuracy": 0.6615, "engine": "eager", "seconds": 39.392077788710594}
{"id": "legacy_vision_s9622_K2048_a2_e2_bn_only_eager", "ce": 1.396372302592243, "accuracy": 0.648, "engine": "eager", "seconds": 30.722417015582323}
{"id": "legacy_vision_s9622_K2048_a2_e4_bn_only_eager", "ce": 1.2937076057181927, "accuracy": 0.6633, "engine": "eager", "seconds": 40.039949499070644}
{"id": "legacy_vision_s9622_K2048_a4_e2_bn_only_eager", "ce": 1.5741970986947882, "accuracy": 0.6311, "engine": "eager", "seconds": 30.58904035575688}
{"id": "legacy_vision_s9622_K2048_a4_e4_bn_only_eager", "ce": 1.3115772753964876, "accuracy": 0.6735, "engine": "eager", "seconds": 40.28154509887099}
{"id": "legacy_vision_s9623_K2048_a2_e2_bn_only_eager", "ce": 1.3949045624106773, "accuracy": 0.6502, "engine": "eager", "seconds": 30.255618190392852}
{"id": "legacy_vision_s9623_K2048_a2_e4_bn_only_eager", "ce": 1.2854944712957614, "accuracy": 0.6686, "engine": "eager", "seconds": 39.76909631676972}
{"id": "legacy_vision_s9625_K2048_a4_e2_bn_only_eager", "ce": 1.5746517896760255, "accuracy": 0.6306, "engine": "eager", "seconds": 30.54046229273081}
{"id": "legacy_vision_s9625_K2048_a4_e4_bn_only_eager", "ce": 1.3166161099024116, "accuracy": 0.6687, "engine": "eager", "seconds": 39.08314660191536}
{"id": "legacy_vision_s9621_K2048_a2_e2_raw_graph", "ce": 1.492219903026009, "accuracy": 0.6395, "engine": "graph", "seconds": 12.721899943426251}
{"id": "legacy_vision_s9622_K2048_a2_e2_raw_graph", "ce": 1.4892826544771902, "accuracy": 0.6395, "engine": "graph", "seconds": 14.058005269616842}
{"id": "legacy_vision_s9622_K2048_a4_e4_raw_graph", "ce": 1.4159686972524272, "accuracy": 0.6626, "engine": "graph", "seconds": 18.021222461014986}
{"id": "legacy_vision_s9623_K2048_a2_e2_raw_graph", "ce": 1.447917831734917, "accuracy": 0.6476, "engine": "graph", "seconds": 14.015209773555398}
{"id": "legacy_vision_s9625_K2048_a4_e4_raw_graph", "ce": 1.3925102420259965, "accuracy": 0.6649, "engine": "graph", "seconds": 15.878605043515563}
