{"id": "A_initial_e2_raw", "ce": 1.6370486931122374, "accuracy": 0.619, "engine": "graph", "seconds": 14.984557680785656}
{"id": "A_initial_e4_raw", "ce": 1.3832979446934304, "accuracy": 0.6675, "engine": "graph", "seconds": 19.304109467193484}
{"id": "A_initial_c2_e2_bn9640", "ce": 1.564602941122558, "accuracy": 0.6312, "engine": "graph", "seconds": 11.897718865424395}
{"id": "A_initial_c2_e4_bn9640", "ce": 1.4481051515349186, "accuracy": 0.6475, "engine": "graph", "seconds": 17.919946683570743}
{"id": "A_initial_c4_e2_bn9640", "ce": 1.5623596718368586, "accuracy": 0.6206, "engine": "graph", "seconds": 13.057397861033678}
{"id": "A_initial_c4_e4_bn9640", "ce": 1.3181072585443967, "accuracy": 0.6674, "engine": "graph", "seconds": 19.33377407118678}
{"id": "A_initial_c2_e2_bn9740", "ce": 1.554810531888553, "accuracy": 0.6318, "engine": "graph", "seconds": 15.427571289241314}
{"id": "A_initial_c2_e4_bn9740", "ce": 1.44793705761343, "accuracy": 0.6493, "engine": "graph", "seconds": 17.38317004404962}
{"id": "A_initial_c4_e2_bn9740", "ce": 1.5409497076130938, "accuracy": 0.6284, "engine": "graph", "seconds": 17.75669657625258}
{"id": "A_initial_c4_e4_bn9740", "ce": 1.3079214661131962, "accuracy": 0.6732, "engine": "graph", "seconds": 19.220585133880377}
{"id": "A_initial_c2_e2_bn9840", "ce": 1.56066590583059, "accuracy": 0.6335, "engine": "graph", "seconds": 14.980490505695343}
{"id": "A_initial_c2_e4_bn9840", "ce": 1.4463183968031779, "accuracy": 0.6489, "engine": "graph", "seconds": 18.114933140575886}
{"id": "A_initial_c4_e2_bn9840", "ce": 1.5597401683342178, "accuracy": 0.6209, "engine": "graph", "seconds": 18.27179087512195}
{"id": "A_initial_c4_e4_bn9840", "ce": 1.314676659304416, "accuracy": 0.6681, "engine": "graph", "seconds": 19.09918701648712}
{"id": "A_s9621_a2_K512_e2_raw", "ce": 1.4897863062372199, "accuracy": 0.6358, "engine": "graph", "seconds": 12.465693986043334}
{"id": "A_s9621_a2_K512_e4_raw", "ce": 1.4098816560571432, "accuracy": 0.649, "engine": "graph", "seconds": 18.820779563859105}
{"id": "A_s9621_a2_K512_c2_e2_bn9640", "ce": 1.4123789185879752, "accuracy": 0.6487, "engine": "graph", "seconds": 14.932114409282804}
{"id": "A_s9621_a2_K512_c4_e4_bn9640", "ce": 1.2803707470398222, "accuracy": 0.6653, "engine": "graph", "seconds": 22.515892134979367}
{"id": "A_s9621_a2_K2048_e2_raw", "ce": 1.4865548161927145, "accuracy": 0.6422, "engine": "graph", "seconds": 12.451807200908661}
{"id": "A_s9621_a2_K2048_e4_raw", "ce": 1.4048373350508279, "accuracy": 0.654, "engine": "graph", "seconds": 18.84155093692243}
{"id": "A_s9621_a2_K2048_c2_e2_bn9640", "ce": 1.3870781679054722, "accuracy": 0.6519, "engine": "graph", "seconds": 15.015422161668539}
{"id": "A_s9621_a2_K2048_c2_e4_bn9640", "ce": 1.309885523746052, "accuracy": 0.6623, "engine": "graph", "seconds": 19.000623136758804}
{"id": "A_s9621_a2_K2048_c4_e2_bn9640", "ce": 1.4624965502519975, "accuracy": 0.6319, "engine": "graph", "seconds": 14.970081575214863}
{"id": "A_s9621_a2_K2048_c4_e4_bn9640", "ce": 1.2933560370124295, "accuracy": 0.6607, "engine": "graph", "seconds": 18.735716165974736}
{"id": "A_s9621_a2_K2048_c2_e2_bn9740", "ce": 1.3911278493671562, "accuracy": 0.6508, "engine": "graph", "seconds": 15.108924809843302}
{"id": "A_s9621_a2_K2048_c2_e4_bn9740", "ce": 1.3198480160620674, "accuracy": 0.6616, "engine": "graph", "seconds": 18.916300635784864}
{"id": "A_s9621_a2_K2048_c4_e2_bn9740", "ce": 1.4550584959941917, "accuracy": 0.6362, "engine": "graph", "seconds": 17.17336481809616}
{"id": "A_s9621_a2_K2048_c4_e4_bn9740", "ce": 1.2918549824641115, "accuracy": 0.6612, "engine": "graph", "seconds": 19.222922403365374}
{"id": "A_s9621_a2_K2048_c2_e2_bn9840", "ce": 1.3925066508061252, "accuracy": 0.6508, "engine": "graph", "seconds": 14.599644819274545}
{"id": "A_s9621_a2_K2048_c2_e4_bn9840", "ce": 1.318629526069248, "accuracy": 0.6585, "engine": "graph", "seconds": 18.687230814248323}
{"id": "A_s9621_a2_K2048_c4_e2_bn9840", "ce": 1.458136319663166, "accuracy": 0.6356, "engine": "graph", "seconds": 16.606667462736368}
{"id": "A_s9621_a2_K2048_c4_e4_bn9840", "ce": 1.2927676180440584, "accuracy": 0.6595, "engine": "graph", "seconds": 18.947870034724474}
{"id": "A_s9621_a4_K2048_e2_raw", "ce": 1.6443669022630434, "accuracy": 0.6201, "engine": "graph", "seconds": 12.940714301541448}
{"id": "A_s9621_a4_K2048_e4_raw", "ce": 1.4048584391193697, "accuracy": 0.6653, "engine": "graph", "seconds": 17.929523069411516}
{"id": "A_s9621_a4_K2048_c2_e2_bn9640", "ce": 1.5694839522327761, "accuracy": 0.6279, "engine": "graph", "seconds": 17.179578522220254}
{"id": "A_s9621_a4_K2048_c2_e4_bn9640", "ce": 1.444347945400304, "accuracy": 0.6533, "engine": "graph", "seconds": 19.455989753827453}
{"id": "A_s9621_a4_K2048_c4_e2_bn9640", "ce": 1.5512352166379801, "accuracy": 0.6266, "engine": "graph", "seconds": 15.912042753770947}
{"id": "A_s9621_a4_K2048_c4_e4_bn9640", "ce": 1.3144019310187898, "accuracy": 0.6736, "engine": "graph", "seconds": 19.345581291243434}
{"id": "A_s9621_a4_K2048_c2_e2_bn9740", "ce": 1.5624991476737429, "accuracy": 0.6335, "engine": "graph", "seconds": 15.874326365068555}
{"id": "A_s9621_a4_K2048_c2_e4_bn9740", "ce": 1.4487580352322431, "accuracy": 0.6487, "engine": "graph", "seconds": 19.341334871947765}
{"id": "A_s9621_a4_K2048_c4_e2_bn9740", "ce": 1.5407897117990301, "accuracy": 0.6275, "engine": "graph", "seconds": 15.702542694285512}
{"id": "A_s9621_a4_K2048_c4_e4_bn9740", "ce": 1.3112339927312568, "accuracy": 0.6731, "engine": "graph", "seconds": 19.071718484163284}
{"id": "A_s9621_a4_K2048_c2_e2_bn9840", "ce": 1.5613244294699282, "accuracy": 0.6333, "engine": "graph", "seconds": 15.35317244194448}
{"id": "A_s9621_a4_K2048_c2_e4_bn9840", "ce": 1.4459322311730125, "accuracy": 0.6517, "engine": "graph", "seconds": 19.069615812972188}
{"id": "A_s9621_a4_K2048_c4_e2_bn9840", "ce": 1.5476652263736819, "accuracy": 0.6252, "engine": "graph", "seconds": 15.783780001103878}
{"id": "A_s9621_a4_K2048_c4_e4_bn9840", "ce": 1.31207924520066, "accuracy": 0.6712, "engine": "graph", "seconds": 19.259845543652773}
{"id": "A_s9622_a2_K512_e2_raw", "ce": 1.5124756047475618, "accuracy": 0.6361, "engine": "graph", "seconds": 11.59362930059433}
{"id": "A_s9622_a2_K512_e4_raw", "ce": 1.4329822124487022, "accuracy": 0.6437, "engine": "graph", "seconds": 18.640649553388357}
{"id": "A_s9622_a2_K512_c2_e2_bn9640", "ce": 1.4171836989307893, "accuracy": 0.6443, "engine": "graph", "seconds": 17.441007805988193}
{"id": "A_s9622_a2_K512_c4_e4_bn9640", "ce": 1.2908238894306532, "accuracy": 0.664, "engine": "graph", "seconds": 21.354486426338553}
{"id": "A_s9622_a2_K1024_e2_raw", "ce": 1.4907254922003077, "accuracy": 0.6335, "engine": "graph", "seconds": 13.541797852143645}
{"id": "A_s9622_a2_K1024_e4_raw", "ce": 1.4164085978684715, "accuracy": 0.6447, "engine": "graph", "seconds": 19.230448123067617}
{"id": "A_s9622_a2_K1024_c2_e2_bn9640", "ce": 1.4118772191809257, "accuracy": 0.6472, "engine": "graph", "seconds": 15.00258681178093}
{"id": "A_s9622_a2_K1024_c4_e4_bn9640", "ce": 1.2937137509198045, "accuracy": 0.6652, "engine": "graph", "seconds": 21.58606795221567}
{"id": "A_s9622_a4_K512_e2_raw", "ce": 1.6695595144382211, "accuracy": 0.613, "engine": "graph", "seconds": 13.540727652609348}
{"id": "A_s9622_a4_K512_e4_raw", "ce": 1.4190118862671777, "accuracy": 0.6626, "engine": "graph", "seconds": 19.223716836422682}
{"id": "A_s9622_a4_K512_c2_e2_bn9640", "ce": 1.5900393694682047, "accuracy": 0.625, "engine": "graph", "seconds": 14.575638595968485}
{"id": "A_s9622_a4_K512_c4_e4_bn9640", "ce": 1.322840717236139, "accuracy": 0.6708, "engine": "graph", "seconds": 22.022539915516973}
{"id": "A_s9622_a4_K1024_e2_raw", "ce": 1.6571087052109652, "accuracy": 0.6192, "engine": "graph", "seconds": 12.986252078786492}
{"id": "A_s9622_a4_K1024_e4_raw", "ce": 1.4068947831299854, "accuracy": 0.6648, "engine": "graph", "seconds": 18.905261961743236}
{"id": "A_s9622_a4_K1024_c2_e2_bn9640", "ce": 1.575732104020333, "accuracy": 0.6315, "engine": "graph", "seconds": 14.680130751803517}
{"id": "A_s9622_a4_K1024_c4_e4_bn9640", "ce": 1.3176156861073571, "accuracy": 0.6716, "engine": "graph", "seconds": 22.17474247701466}
{"id": "A_s9622_a4_K2048_e2_raw", "ce": 1.6478392876013181, "accuracy": 0.6202, "engine": "graph", "seconds": 12.766702333465219}
{"id": "A_s9622_a4_K2048_e4_raw", "ce": 1.406595487620635, "accuracy": 0.6675, "engine": "graph", "seconds": 18.868119610473514}
{"id": "A_s9622_a4_K2048_c2_e2_bn9640", "ce": 1.5548883865498937, "accuracy": 0.6326, "engine": "graph", "seconds": 14.669554617255926}
{"id": "A_s9622_a4_K2048_c2_e4_bn9640", "ce": 1.4336201804460027, "accuracy": 0.6537, "engine": "graph", "seconds": 18.754898430779576}
{"id": "A_s9622_a4_K2048_c4_e2_bn9640", "ce": 1.5383068762001582, "accuracy": 0.6289, "engine": "graph", "seconds": 16.450772723183036}
{"id": "A_s9622_a4_K2048_c4_e4_bn9640", "ce": 1.3039480238419026, "accuracy": 0.6715, "engine": "graph", "seconds": 18.91804162785411}
{"id": "A_s9622_a4_K2048_c2_e2_bn9740", "ce": 1.5519733121927362, "accuracy": 0.6321, "engine": "graph", "seconds": 14.904402373358607}
{"id": "A_s9622_a4_K2048_c2_e4_bn9740", "ce": 1.4403301329155684, "accuracy": 0.6497, "engine": "graph", "seconds": 18.979771565645933}
{"id": "A_s9622_a4_K2048_c4_e2_bn9740", "ce": 1.5271719067486003, "accuracy": 0.6336, "engine": "graph", "seconds": 16.105743184685707}
{"id": "A_s9622_a4_K2048_c4_e4_bn9740", "ce": 1.3035621240497102, "accuracy": 0.6764, "engine": "graph", "seconds": 18.69855605252087}
{"id": "A_s9622_a4_K2048_c2_e2_bn9840", "ce": 1.5573703262330032, "accuracy": 0.6352, "engine": "graph", "seconds": 14.779911365360022}
{"id": "A_s9622_a4_K2048_c2_e4_bn9840", "ce": 1.4380260236519156, "accuracy": 0.653, "engine": "graph", "seconds": 18.938374361023307}
{"id": "A_s9622_a4_K2048_c4_e2_bn9840", "ce": 1.5330019853929988, "accuracy": 0.6351, "engine": "graph", "seconds": 15.961114777252078}
{"id": "A_s9622_a4_K2048_c4_e4_bn9840", "ce": 1.3035804233255097, "accuracy": 0.674, "engine": "graph", "seconds": 18.887455163523555}
{"id": "A_s9623_a4_K512_e2_raw", "ce": 1.7038142438461072, "accuracy": 0.6108, "engine": "graph", "seconds": 13.16218570806086}
{"id": "A_s9623_a4_K512_e4_raw", "ce": 1.4523200051866938, "accuracy": 0.6575, "engine": "graph", "seconds": 18.660811016336083}
{"id": "A_s9623_a4_K512_c2_e2_bn9640", "ce": 1.5843911304441747, "accuracy": 0.6325, "engine": "graph", "seconds": 14.49344089627266}
{"id": "A_s9623_a4_K512_c4_e4_bn9640", "ce": 1.3281459646118223, "accuracy": 0.6674, "engine": "graph", "seconds": 22.4901517406106}
{"id": "A_s9623_a4_K1024_e2_raw", "ce": 1.6092149530274793, "accuracy": 0.6245, "engine": "graph", "seconds": 12.755389517173171}
{"id": "A_s9623_a4_K1024_e4_raw", "ce": 1.3758733758212998, "accuracy": 0.6661, "engine": "graph", "seconds": 18.748585108667612}
{"id": "A_s9623_a4_K1024_c2_e2_bn9640", "ce": 1.5757157283974346, "accuracy": 0.6305, "engine": "graph", "seconds": 14.607096685096622}
{"id": "A_s9623_a4_K1024_c4_e4_bn9640", "ce": 1.3142873533773236, "accuracy": 0.6709, "engine": "graph", "seconds": 22.244080835953355}
{"id": "A_s9624_a2_K512_e2_raw", "ce": 1.5147548453800845, "accuracy": 0.6345, "engine": "graph", "seconds": 12.981407668441534}
{"id": "A_s9624_a2_K512_e4_raw", "ce": 1.4374788518104296, "accuracy": 0.6436, "engine": "graph", "seconds": 19.116002168506384}
{"id": "A_s9624_a2_K512_c2_e2_bn9640", "ce": 1.4221663581245811, "accuracy": 0.6513, "engine": "graph", "seconds": 14.720377072691917}
{"id": "A_s9624_a2_K512_c4_e4_bn9640", "ce": 1.2881503839692974, "accuracy": 0.6637, "engine": "graph", "seconds": 22.104584340006113}
{"id": "A_s9624_a4_K512_e2_raw", "ce": 1.6619454802052118, "accuracy": 0.6146, "engine": "graph", "seconds": 13.509973401203752}
{"id": "A_s9624_a4_K512_e4_raw", "ce": 1.412362200113805, "accuracy": 0.6633, "engine": "graph", "seconds": 19.355675412341952}
{"id": "A_s9624_a4_K512_c2_e2_bn9640", "ce": 1.5765267280745088, "accuracy": 0.632, "engine": "graph", "seconds": 15.084449626505375}
{"id": "A_s9624_a4_K512_c4_e4_bn9640", "ce": 1.319123396620038, "accuracy": 0.6694, "engine": "graph", "seconds": 21.818807223811746}
{"id": "A_s9625_a2_K1024_e2_raw", "ce": 1.4714881768606836, "accuracy": 0.6422, "engine": "graph", "seconds": 13.175910633057356}
{"id": "A_s9625_a2_K1024_e4_raw", "ce": 1.3802357604994497, "accuracy": 0.654, "engine": "graph", "seconds": 18.24791920557618}
{"id": "A_s9625_a2_K1024_c2_e2_bn9640", "ce": 1.4017929655346553, "accuracy": 0.6456, "engine": "graph", "seconds": 15.270857499912381}
{"id": "A_s9625_a2_K1024_c4_e4_bn9640", "ce": 1.2875849150887457, "accuracy": 0.662, "engine": "graph", "seconds": 21.735836409032345}
{"id": "A_s9625_a4_K512_e2_raw", "ce": 1.6300048316349276, "accuracy": 0.6199, "engine": "graph", "seconds": 12.796108959242702}
{"id": "A_s9625_a4_K512_e4_raw", "ce": 1.3837250297393882, "accuracy": 0.669, "engine": "graph", "seconds": 18.714269187301397}
{"id": "A_s9625_a4_K512_c2_e2_bn9640", "ce": 1.585217052528588, "accuracy": 0.6305, "engine": "graph", "seconds": 15.219184318557382}
{"id": "A_s9625_a4_K512_c4_e4_bn9640", "ce": 1.32592018123155, "accuracy": 0.6701, "engine": "graph", "seconds": 21.571332959458232}
{"id": "A_s9625_a4_K1024_e2_raw", "ce": 1.646613680268079, "accuracy": 0.6175, "engine": "graph", "seconds": 13.042442476376891}
{"id": "A_s9625_a4_K1024_e4_raw", "ce": 1.3892058359424584, "accuracy": 0.6657, "engine": "graph", "seconds": 18.519318217411637}
{"id": "A_s9625_a4_K1024_c2_e2_bn9640", "ce": 1.564535806965176, "accuracy": 0.6346, "engine": "graph", "seconds": 16.08030854910612}
{"id": "A_s9625_a4_K1024_c4_e4_bn9640", "ce": 1.3150532638063888, "accuracy": 0.6695, "engine": "graph", "seconds": 21.671216616407037}
{"id": "A_s9625_a4_K2048_e2_raw", "ce": 1.6258564041432924, "accuracy": 0.6264, "engine": "graph", "seconds": 13.069170566275716}
{"id": "A_s9625_a4_K2048_e4_raw", "ce": 1.390319984103134, "accuracy": 0.6696, "engine": "graph", "seconds": 19.176143629476428}
{"id": "A_s9625_a4_K2048_c2_e2_bn9640", "ce": 1.556424836777989, "accuracy": 0.6327, "engine": "graph", "seconds": 15.737602680921555}
{"id": "A_s9625_a4_K2048_c2_e4_bn9640", "ce": 1.4370872309484752, "accuracy": 0.6535, "engine": "graph", "seconds": 19.29670055396855}
{"id": "A_s9625_a4_K2048_c4_e2_bn9640", "ce": 1.5375256588389166, "accuracy": 0.6299, "engine": "graph", "seconds": 15.90156221576035}
{"id": "A_s9625_a4_K2048_c4_e4_bn9640", "ce": 1.3060402519347378, "accuracy": 0.6709, "engine": "graph", "seconds": 19.413329588249326}
{"id": "A_s9625_a4_K2048_c2_e2_bn9740", "ce": 1.5535006632049102, "accuracy": 0.635, "engine": "graph", "seconds": 15.87415044568479}
{"id": "A_s9625_a4_K2048_c2_e4_bn9740", "ce": 1.4416134284371511, "accuracy": 0.6529, "engine": "graph", "seconds": 19.363622214645147}
{"id": "A_s9625_a4_K2048_c4_e2_bn9740", "ce": 1.5351907262852882, "accuracy": 0.6325, "engine": "graph", "seconds": 15.724216355010867}
{"id": "A_s9625_a4_K2048_c4_e4_bn9740", "ce": 1.3040148684421555, "accuracy": 0.6722, "engine": "graph", "seconds": 19.061008429154754}
{"id": "A_s9625_a4_K2048_c2_e2_bn9840", "ce": 1.5595633556179702, "accuracy": 0.6315, "engine": "graph", "seconds": 15.554710909724236}
{"id": "A_s9625_a4_K2048_c2_e4_bn9840", "ce": 1.4401226464547683, "accuracy": 0.6488, "engine": "graph", "seconds": 19.201217260211706}
{"id": "A_s9625_a4_K2048_c4_e2_bn9840", "ce": 1.5337848298651167, "accuracy": 0.6305, "engine": "graph", "seconds": 17.709626665338874}
{"id": "A_s9625_a4_K2048_c4_e4_bn9840", "ce": 1.3039222919512774, "accuracy": 0.672, "engine": "graph", "seconds": 17.449842618778348}
{"id": "B_initial_e2_raw", "ce": 1.6176703350248747, "accuracy": 0.6174, "engine": "graph", "seconds": 12.688624953851104}
{"id": "B_initial_e4_raw", "ce": 1.3985256188071566, "accuracy": 0.6576, "engine": "graph", "seconds": 19.079700827598572}
{"id": "B_initial_c2_e2_bn9640", "ce": 1.5701051854603458, "accuracy": 0.6267, "engine": "graph", "seconds": 14.889424856752157}
{"id": "B_initial_c2_e4_bn9640", "ce": 1.4418288928307592, "accuracy": 0.6426, "engine": "graph", "seconds": 19.242272986099124}
{"id": "B_initial_c4_e2_bn9640", "ce": 1.5333346017198637, "accuracy": 0.6308, "engine": "graph", "seconds": 15.864117205142975}
{"id": "B_initial_c4_e4_bn9640", "ce": 1.327004912617983, "accuracy": 0.6646, "engine": "graph", "seconds": 18.760572290048003}
{"id": "B_initial_c2_e2_bn9740", "ce": 1.5669697920594365, "accuracy": 0.6305, "engine": "graph", "seconds": 14.999650357291102}
{"id": "B_initial_c2_e4_bn9740", "ce": 1.4409061337461928, "accuracy": 0.6457, "engine": "graph", "seconds": 19.2030195761472}
{"id": "B_initial_c4_e2_bn9740", "ce": 1.5238243010745616, "accuracy": 0.6308, "engine": "graph", "seconds": 15.834882603958249}
{"id": "B_initial_c4_e4_bn9740", "ce": 1.3230954775501742, "accuracy": 0.6676, "engine": "graph", "seconds": 18.87497680261731}
{"id": "B_initial_c2_e2_bn9840", "ce": 1.5746251214004587, "accuracy": 0.6315, "engine": "graph", "seconds": 14.948854316025972}
{"id": "B_initial_c2_e4_bn9840", "ce": 1.4455294338269042, "accuracy": 0.645, "engine": "graph", "seconds": 19.11643515713513}
{"id": "B_initial_c4_e2_bn9840", "ce": 1.5339106956625357, "accuracy": 0.6281, "engine": "graph", "seconds": 18.374043764546514}
{"id": "B_initial_c4_e4_bn9840", "ce": 1.3250574565636692, "accuracy": 0.6652, "engine": "graph", "seconds": 17.50971269607544}
{"id": "B_s9721_a2_K1024_e2_raw", "ce": 1.5147431487265044, "accuracy": 0.6352, "engine": "graph", "seconds": 12.809885930269957}
{"id": "B_s9721_a2_K1024_e4_raw", "ce": 1.4452737633245707, "accuracy": 0.6431, "engine": "graph", "seconds": 18.92902347445488}
{"id": "B_s9721_a2_K1024_c2_e2_bn9640", "ce": 1.4170703419905155, "accuracy": 0.6433, "engine": "graph", "seconds": 16.419017385691404}
{"id": "B_s9721_a2_K1024_c4_e4_bn9640", "ce": 1.31445597025014, "accuracy": 0.6542, "engine": "graph", "seconds": 22.060831809416413}
{"id": "B_s9722_a2_K1024_e2_raw", "ce": 1.5223177659586304, "accuracy": 0.6333, "engine": "graph", "seconds": 11.4274926725775}
{"id": "B_s9722_a2_K1024_e4_raw", "ce": 1.4443521097023855, "accuracy": 0.6403, "engine": "graph", "seconds": 18.991732144728303}
{"id": "B_s9722_a2_K1024_c2_e2_bn9640", "ce": 1.418961357223324, "accuracy": 0.6445, "engine": "graph", "seconds": 16.29578989557922}
{"id": "B_s9722_a2_K1024_c4_e4_bn9640", "ce": 1.3101740081010735, "accuracy": 0.6579, "engine": "graph", "seconds": 22.040488619357347}
{"id": "B_s9722_a2_K2048_e2_raw", "ce": 1.5014170421778457, "accuracy": 0.6387, "engine": "graph", "seconds": 11.393438113853335}
{"id": "B_s9722_a2_K2048_e4_raw", "ce": 1.4381808155379026, "accuracy": 0.6457, "engine": "graph", "seconds": 18.92147146910429}
{"id": "B_s9722_a2_K2048_c2_e2_bn9640", "ce": 1.4095048152290983, "accuracy": 0.6484, "engine": "graph", "seconds": 16.283445861190557}
{"id": "B_s9722_a2_K2048_c2_e4_bn9640", "ce": 1.3387744206916599, "accuracy": 0.6556, "engine": "graph", "seconds": 17.412752671167254}
{"id": "B_s9722_a2_K2048_c4_e2_bn9640", "ce": 1.4420290322175482, "accuracy": 0.6351, "engine": "graph", "seconds": 17.41769971512258}
{"id": "B_s9722_a2_K2048_c4_e4_bn9640", "ce": 1.3196590876445349, "accuracy": 0.657, "engine": "graph", "seconds": 17.69750145636499}
{"id": "B_s9722_a2_K2048_c2_e2_bn9740", "ce": 1.410171776603372, "accuracy": 0.6461, "engine": "graph", "seconds": 16.123482652008533}
{"id": "B_s9722_a2_K2048_c2_e4_bn9740", "ce": 1.3471635664390285, "accuracy": 0.6499, "engine": "graph", "seconds": 17.302162809297442}
{"id": "B_s9722_a2_K2048_c4_e2_bn9740", "ce": 1.4372162435464562, "accuracy": 0.6389, "engine": "graph", "seconds": 17.44363161176443}
{"id": "B_s9722_a2_K2048_c4_e4_bn9740", "ce": 1.3148447298896033, "accuracy": 0.6572, "engine": "graph", "seconds": 17.644100338220596}
{"id": "B_s9722_a2_K2048_c2_e2_bn9840", "ce": 1.4084276241525484, "accuracy": 0.6497, "engine": "graph", "seconds": 16.043749801814556}
{"id": "B_s9722_a2_K2048_c2_e4_bn9840", "ce": 1.3434958818157146, "accuracy": 0.6531, "engine": "graph", "seconds": 17.350136840716004}
{"id": "B_s9722_a2_K2048_c4_e2_bn9840", "ce": 1.4432861102869734, "accuracy": 0.6344, "engine": "graph", "seconds": 17.490315947681665}
{"id": "B_s9722_a2_K2048_c4_e4_bn9840", "ce": 1.3195748521563073, "accuracy": 0.6562, "engine": "graph", "seconds": 17.591818990185857}
{"id": "B_s9722_a4_K2048_e2_raw", "ce": 1.6337285806881263, "accuracy": 0.6219, "engine": "graph", "seconds": 12.530641185119748}
{"id": "B_s9722_a4_K2048_e4_raw", "ce": 1.4261630250821822, "accuracy": 0.6572, "engine": "graph", "seconds": 18.921766294166446}
{"id": "B_s9722_a4_K2048_c2_e2_bn9640", "ce": 1.5696228942125103, "accuracy": 0.6311, "engine": "graph", "seconds": 16.353125592693686}
{"id": "B_s9722_a4_K2048_c2_e4_bn9640", "ce": 1.4344413032838144, "accuracy": 0.6485, "engine": "graph", "seconds": 17.337115947157145}
{"id": "B_s9722_a4_K2048_c4_e2_bn9640", "ce": 1.528026577140158, "accuracy": 0.6338, "engine": "graph", "seconds": 16.293193677440286}
{"id": "B_s9722_a4_K2048_c4_e4_bn9640", "ce": 1.3217430229879916, "accuracy": 0.6679, "engine": "graph", "seconds": 19.113807283341885}
{"id": "B_s9722_a4_K2048_c2_e2_bn9740", "ce": 1.5619055624038913, "accuracy": 0.6341, "engine": "graph", "seconds": 16.368037981912494}
{"id": "B_s9722_a4_K2048_c2_e4_bn9740", "ce": 1.435547849139129, "accuracy": 0.6489, "engine": "graph", "seconds": 17.40890283882618}
{"id": "B_s9722_a4_K2048_c4_e2_bn9740", "ce": 1.5205466687589417, "accuracy": 0.633, "engine": "graph", "seconds": 16.25188533589244}
{"id": "B_s9722_a4_K2048_c4_e4_bn9740", "ce": 1.3190461602698895, "accuracy": 0.666, "engine": "graph", "seconds": 19.07461365684867}
{"id": "B_s9722_a4_K2048_c2_e2_bn9840", "ce": 1.5704389090479818, "accuracy": 0.6324, "engine": "graph", "seconds": 16.397256419062614}
{"id": "B_s9722_a4_K2048_c2_e4_bn9840", "ce": 1.4340667940982617, "accuracy": 0.6501, "engine": "graph", "seconds": 17.38785381987691}
{"id": "B_s9722_a4_K2048_c4_e2_bn9840", "ce": 1.5345069262092468, "accuracy": 0.6308, "engine": "graph", "seconds": 16.225998755544424}
{"id": "B_s9722_a4_K2048_c4_e4_bn9840", "ce": 1.323349649809755, "accuracy": 0.6649, "engine": "graph", "seconds": 19.13592978194356}
{"id": "B_s9723_a2_K512_e2_raw", "ce": 1.5527414861291646, "accuracy": 0.6255, "engine": "graph", "seconds": 12.747594675049186}
{"id": "B_s9723_a2_K512_e4_raw", "ce": 1.4910758131240494, "accuracy": 0.6321, "engine": "graph", "seconds": 17.686109755188227}
{"id": "B_s9723_a2_K512_c2_e2_bn9640", "ce": 1.4247504980158527, "accuracy": 0.6433, "engine": "graph", "seconds": 14.87357708439231}
{"id": "B_s9723_a2_K512_c4_e4_bn9640", "ce": 1.3056211301650211, "accuracy": 0.6592, "engine": "graph", "seconds": 22.413999220356345}
{"id": "B_s9723_a2_K1024_e2_raw", "ce": 1.4939068099759518, "accuracy": 0.6359, "engine": "graph", "seconds": 12.524338623508811}
{"id": "B_s9723_a2_K1024_e4_raw", "ce": 1.425416678312188, "accuracy": 0.6451, "engine": "graph", "seconds": 18.478370163589716}
{"id": "B_s9723_a2_K1024_c2_e2_bn9640", "ce": 1.415953598129889, "accuracy": 0.645, "engine": "graph", "seconds": 14.688911272212863}
{"id": "B_s9723_a2_K1024_c4_e4_bn9640", "ce": 1.3082335192311614, "accuracy": 0.6607, "engine": "graph", "seconds": 22.27296530082822}
{"id": "B_s9723_a4_K1024_e2_raw", "ce": 1.6178867670850363, "accuracy": 0.6239, "engine": "graph", "seconds": 12.527153976261616}
{"id": "B_s9723_a4_K1024_e4_raw", "ce": 1.4156319702039588, "accuracy": 0.6536, "engine": "graph", "seconds": 18.897200010716915}
{"id": "B_s9723_a4_K1024_c2_e2_bn9640", "ce": 1.5838377996634692, "accuracy": 0.626, "engine": "graph", "seconds": 14.555083436891437}
{"id": "B_s9723_a4_K1024_c4_e4_bn9640", "ce": 1.323428981984593, "accuracy": 0.6667, "engine": "graph", "seconds": 22.100068151950836}
{"id": "legacy_language_initial_e2_raw_eager", "ce": 3.1998100274612424, "accuracy": 0.451610541727672, "engine": "eager", "seconds": 28.26508290320635}
{"id": "legacy_language_initial_e4_raw_eager", "ce": 2.9640369368254316, "accuracy": 0.4799170326988775, "engine": "eager", "seconds": 37.084398379549384}
{"id": "legacy_language_s8622_K512_a4_e2_raw_eager", "ce": 2.8574936564359397, "accuracy": 0.4865544167886774, "engine": "eager", "seconds": 27.276226613670588}
{"id": "legacy_language_s8622_K512_a4_e4_raw_eager", "ce": 2.6288365867926085, "accuracy": 0.5142020497803806, "engine": "eager", "seconds": 36.82548223435879}
{"id": "legacy_language_s8621_K4096_a4_e2_raw_eager", "ce": 2.7486937856900475, "accuracy": 0.5008296730112249, "engine": "eager", "seconds": 27.409090472385287}
{"id": "legacy_language_s8621_K4096_a4_e4_raw_eager", "ce": 2.55010303650438, "accuracy": 0.5265739385065886, "engine": "eager", "seconds": 37.54679393209517}
{"id": "legacy_language_s8622_K4096_a2_e2_raw_eager", "ce": 2.6773056069415007, "accuracy": 0.5097608589555881, "engine": "eager", "seconds": 27.340319611132145}
{"id": "legacy_language_s8622_K4096_a2_e4_raw_eager", "ce": 2.700286766917164, "accuracy": 0.5084187408491947, "engine": "eager", "seconds": 37.157280158251524}
{"id": "legacy_language_s8622_K4096_a4_e2_raw_eager", "ce": 2.753018661211436, "accuracy": 0.5020253782332845, "engine": "eager", "seconds": 27.394473744556308}
{"id": "legacy_language_s8622_K4096_a4_e4_raw_eager", "ce": 2.5488229793977433, "accuracy": 0.5264519277696438, "engine": "eager", "seconds": 33.32260688021779}
{"id": "legacy_language_s8623_K4096_a2_e2_raw_eager", "ce": 2.674572400660702, "accuracy": 0.5095168374816984, "engine": "eager", "seconds": 25.912390196695924}
{"id": "legacy_language_s8623_K4096_a2_e4_raw_eager", "ce": 2.695996974681157, "accuracy": 0.5062957540263543, "engine": "eager", "seconds": 32.99886195547879}
{"id": "legacy_language_s8623_K4096_a4_e2_raw_eager", "ce": 2.7414547943090994, "accuracy": 0.5027818448023426, "engine": "eager", "seconds": 26.305332580581307}
{"id": "legacy_language_s8623_K4096_a4_e4_raw_eager", "ce": 2.5427993183712605, "accuracy": 0.5276964372864812, "engine": "eager", "seconds": 33.24100277945399}
{"id": "legacy_language_s8621_K4096_a4_e4_raw_graph", "ce": 2.55010303650438, "accuracy": 0.5265739385065886, "engine": "graph", "seconds": 25.857833672314882}
{"id": "legacy_language_s8622_K4096_a2_e2_raw_graph", "ce": 2.6773056069415007, "accuracy": 0.5097608589555881, "engine": "graph", "seconds": 15.886431818827987}
{"id": "legacy_language_s8622_K4096_a4_e4_raw_graph", "ce": 2.5488229793977433, "accuracy": 0.5264519277696438, "engine": "graph", "seconds": 23.893728144466877}
{"id": "legacy_language_s8623_K4096_a2_e2_raw_graph", "ce": 2.674572400660702, "accuracy": 0.5095168374816984, "engine": "graph", "seconds": 18.55760933458805}
{"id": "legacy_language_s8623_K4096_a4_e4_raw_graph", "ce": 2.5427993183712605, "accuracy": 0.5276964372864812, "engine": "graph", "seconds": 23.483915178105235}
{"id": "legacy_vision_initial_e2_raw_eager", "ce": 1.6370486931122374, "accuracy": 0.619, "engine": "eager", "seconds": 29.069990176707506}
{"id": "legacy_vision_initial_e4_raw_eager", "ce": 1.3832979446934304, "accuracy": 0.6675, "engine": "eager", "seconds": 37.70315493643284}
{"id": "legacy_vision_s9621_K512_a2_e2_raw_eager", "ce": 1.4877951622274355, "accuracy": 0.6401, "engine": "eager", "seconds": 29.170406863093376}
{"id": "legacy_vision_s9621_K512_a2_e4_raw_eager", "ce": 1.4041059838350456, "accuracy": 0.6501, "engine": "eager", "seconds": 36.858246767893434}
{"id": "legacy_vision_s9621_K512_a4_e2_raw_eager", "ce": 1.6535771059902384, "accuracy": 0.6127, "engine": "eager", "seconds": 28.593567360192537}
{"id": "legacy_vision_s9621_K512_a4_e4_raw_eager", "ce": 1.4022421290025349, "accuracy": 0.6625, "engine": "eager", "seconds": 37.40163873694837}
{"id": "legacy_vision_s9622_K512_a4_e2_raw_eager", "ce": 1.671609219783824, "accuracy": 0.6094, "engine": "eager", "seconds": 28.22422920539975}
{"id": "legacy_vision_s9622_K512_a4_e4_raw_eager", "ce": 1.412990531254257, "accuracy": 0.6647, "engine": "eager", "seconds": 36.98363816738129}
{"id": "legacy_vision_s9623_K512_a2_e2_raw_eager", "ce": 1.5513017183196265, "accuracy": 0.633, "engine": "eager", "seconds": 28.001054970547557}
{"id": "legacy_vision_s9623_K512_a2_e4_raw_eager", "ce": 1.4898562629974215, "accuracy": 0.6359, "engine": "eager", "seconds": 36.631530018523335}
{"id": "legacy_vision_s9624_K512_a4_e2_raw_eager", "ce": 1.6641683335392736, "accuracy": 0.6182, "engine": "eager", "seconds": 28.376853976398706}
{"id": "legacy_vision_s9624_K512_a4_e4_raw_eager", "ce": 1.409978385930741, "accuracy": 0.6661, "engine": "eager", "seconds": 37.9196216724813}
{"id": "legacy_vision_s9621_K2048_a4_e2_raw_eager", "ce": 1.6516733112360351, "accuracy": 0.6174, "engine": "eager", "seconds": 29.480085264891386}
{"id": "legacy_vision_s9621_K2048_a4_e4_raw_eager", "ce": 1.4057374583509983, "accuracy": 0.6668, "engine": "eager", "seconds": 38.0106625109911}
{"id": "legacy_vision_s9623_K2048_a4_e2_raw_eager", "ce": 1.6113598732646088, "accuracy": 0.6237, "engine": "eager", "seconds": 29.062639201059937}
{"id": "legacy_vision_s9623_K2048_a4_e4_raw_eager", "ce": 1.3684727228290634, "accuracy": 0.6693, "engine": "eager", "seconds": 36.932481264695525}
{"id": "legacy_vision_s9624_K2048_a2_e2_raw_eager", "ce": 1.4655892902006162, "accuracy": 0.6468, "engine": "eager", "seconds": 27.754211377352476}
{"id": "legacy_vision_s9624_K2048_a2_e4_raw_eager", "ce": 1.3868272460581037, "accuracy": 0.6573, "engine": "eager", "seconds": 36.39999688230455}
{"id": "legacy_vision_s9624_K2048_a4_e2_raw_eager", "ce": 1.6446588348128368, "accuracy": 0.6184, "engine": "eager", "seconds": 29.184209996834397}
{"id": "legacy_vision_s9624_K2048_a4_e4_raw_eager", "ce": 1.3880257667535683, "accuracy": 0.6674, "engine": "eager", "seconds": 37.076678270474076}
{"id": "legacy_vision_s9625_K2048_a2_e2_raw_eager", "ce": 1.468060103176767, "accuracy": 0.6457, "engine": "eager", "seconds": 29.283027105033398}
{"id": "legacy_vision_s9625_K2048_a2_e4_raw_eager", "ce": 1.383928854723682, "accuracy": 0.6529, "engine": "eager", "seconds": 37.75222558900714}
{"id": "legacy_vision_initial_e2_bn_only_eager", "ce": 1.564602941122558, "accuracy": 0.6312, "engine": "eager", "seconds": 29.113637425005436}
{"id": "legacy_vision_initial_e4_bn_only_eager", "ce": 1.3181072585443967, "accuracy": 0.6674, "engine": "eager", "seconds": 37.2835840806365}
{"id": "legacy_vision_s9621_K512_a2_e2_bn_only_eager", "ce": 1.4232629515374895, "accuracy": 0.6365, "engine": "eager", "seconds": 30.184914963319898}
{"id": "legacy_vision_s9621_K512_a2_e4_bn_only_eager", "ce": 1.2820166255625867, "accuracy": 0.6617, "engine": "eager", "seconds": 39.31371107138693}
{"id": "legacy_vision_s9621_K512_a4_e2_bn_only_eager", "ce": 1.57443007298545, "accuracy": 0.6295, "engine": "eager", "seconds": 29.151912027969956}
{"id": "legacy_vision_s9621_K512_a4_e4_bn_only_eager", "ce": 1.3139925500481622, "accuracy": 0.6682, "engine": "eager", "seconds": 38.45197238586843}
{"id": "legacy_vision_s9622_K512_a4_e2_bn_only_eager", "ce": 1.581154286462115, "accuracy": 0.6274, "engine": "eager", "seconds": 29.04125832952559}
{"id": "legacy_vision_s9622_K512_a4_e4_bn_only_eager", "ce": 1.3242256378908408, "accuracy": 0.6699, "engine": "eager", "seconds": 39.36067204363644}
{"id": "legacy_vision_s9623_K512_a2_e2_bn_only_eager", "ce": 1.437393335924158, "accuracy": 0.642, "engine": "eager", "seconds": 31.21165302582085}
{"id": "legacy_vision_s9623_K512_a2_e4_bn_only_eager", "ce": 1.2948072039574325, "accuracy": 0.6645, "engine": "eager", "seconds": 41.11009864881635}
{"id": "legacy_vision_s9624_K512_a4_e2_bn_only_eager", "ce": 1.5841510763454716, "accuracy": 0.6303, "engine": "eager", "seconds": 30.938959082588553}
{"id": "legacy_vision_s9624_K512_a4_e4_bn_only_eager", "ce": 1.3192059757559327, "accuracy": 0.6711, "engine": "eager", "seconds": 40.45055923983455}
{"id": "legacy_vision_s9621_K2048_a4_e2_bn_only_eager", "ce": 1.5756833919894415, "accuracy": 0.6307, "engine": "eager", "seconds": 29.79583995230496}
{"id": "legacy_vision_s9621_K2048_a4_e4_bn_only_eager", "ce": 1.311046813272452, "accuracy": 0.6723, "engine": "eager", "seconds": 38.2364420555532}
{"id": "legacy_vision_s9623_K2048_a4_e2_bn_only_eager", "ce": 1.5715103355333908, "accuracy": 0.6316, "engine": "eager", "seconds": 30.019515596330166}
{"id": "legacy_vision_s9623_K2048_a4_e4_bn_only_eager", "ce": 1.3134930862146197, "accuracy": 0.6694, "engine": "eager", "seconds": 39.47989718429744}
{"id": "legacy_vision_s9624_K2048_a2_e2_bn_only_eager", "ce": 1.3929735773728578, "accuracy": 0.6503, "engine": "eager", "seconds": 31.15052662976086}
{"id": "legacy_vision_s9624_K2048_a2_e4_bn_only_eager", "ce": 1.2906289614038076, "accuracy": 0.6632, "engine": "eager", "seconds": 40.46946367435157}
{"id": "legacy_vision_s9624_K2048_a4_e2_bn_only_eager", "ce": 1.5746220969269984, "accuracy": 0.6331, "engine": "eager", "seconds": 30.27383435331285}
{"id": "legacy_vision_s9624_K2048_a4_e4_bn_only_eager", "ce": 1.3089918877962743, "accuracy": 0.6678, "engine": "eager", "seconds": 40.54296130500734}
{"id": "legacy_vision_s9625_K2048_a2_e2_bn_only_eager", "ce": 1.3925528575801407, "accuracy": 0.6479, "engine": "eager", "seconds": 29.92421875335276}
{"id": "legacy_vision_s9625_K2048_a2_e4_bn_only_eager", "ce": 1.2925156485421816, "accuracy": 0.6623, "engine": "eager", "seconds": 39.55203725025058}
{"id": "legacy_vision_s9621_K2048_a4_e4_raw_graph", "ce": 1.4057374583509983, "accuracy": 0.6668, "engine": "graph", "seconds": 15.974950259551406}
{"id": "legacy_vision_s9623_K2048_a4_e4_raw_graph", "ce": 1.3684727228290634, "accuracy": 0.6693, "engine": "graph", "seconds": 18.706351593136787}
{"id": "legacy_vision_s9624_K2048_a2_e2_raw_graph", "ce": 1.4655892902006162, "accuracy": 0.6468, "engine": "graph", "seconds": 13.122484665364027}
{"id": "legacy_vision_s9624_K2048_a4_e4_raw_graph", "ce": 1.3880257667535683, "accuracy": 0.6674, "engine": "graph", "seconds": 18.73984858766198}
{"id": "legacy_vision_s9625_K2048_a2_e2_raw_graph", "ce": 1.468060103176767, "accuracy": 0.6457, "engine": "graph", "seconds": 13.155219370499253}
