Looking in indexes: http://mirrors.aliyun.com/pypi/simple
Collecting transformers==4.57.1
  Downloading http://mirrors.aliyun.com/pypi/packages/71/d3/c16c3b3cf7655a67db1144da94b021c200ac1303f82428f2beef6c2e72bb/transformers-4.57.1-py3-none-any.whl (12.0 MB)
     ━━━━━━━━━━━━━━━━━━━━━━━━━━━━━━━━━━━━━━━ 12.0/12.0 MB 602.8 kB/s eta 0:00:00
Collecting datasets==3.6.0
  Downloading http://mirrors.aliyun.com/pypi/packages/20/34/a08b0ee99715eaba118cbe19a71f7b5e2425c2718ef96007c325944a1152/datasets-3.6.0-py3-none-any.whl (491 kB)
     ━━━━━━━━━━━━━━━━━━━━━━━━━━━━━━━━━━━━━ 491.5/491.5 kB 789.8 kB/s eta 0:00:00
Collecting accelerate==1.10.1
  Downloading http://mirrors.aliyun.com/pypi/packages/5f/a0/d9ef19f780f319c21ee90ecfef4431cbeeca95bec7f14071785c17b6029b/accelerate-1.10.1-py3-none-any.whl (374 kB)
     ━━━━━━━━━━━━━━━━━━━━━━━━━━━━━━━━━━━━━ 374.9/374.9 kB 598.1 kB/s eta 0:00:00
Collecting spikingjelly==0.0.0.0.14
  Downloading http://mirrors.aliyun.com/pypi/packages/0b/6b/712f9ca9c8fd9a2b2aa01256ccc65daa74ed77237805ac378b7c5aeec808/spikingjelly-0.0.0.0.14-py3-none-any.whl (437 kB)
     ━━━━━━━━━━━━━━━━━━━━━━━━━━━━━━━━━━━━━ 437.6/437.6 kB 699.3 kB/s eta 0:00:00
Collecting cupy-cuda12x==13.4.1
  Downloading http://mirrors.aliyun.com/pypi/packages/56/58/5bfc83265455ff783d5be65451392a6920a90fe8996a091006ba02512848/cupy_cuda12x-13.4.1-cp312-cp312-manylinux2014_x86_64.whl (105.3 MB)
     ━━━━━━━━━━━━━━━━━━━━━━━━━━━━━━━━━━━━━ 105.3/105.3 MB 594.1 kB/s eta 0:00:00
Collecting timm==0.9.16
  Downloading http://mirrors.aliyun.com/pypi/packages/68/99/2018622d268f6017ddfa5ee71f070bad5d07590374793166baa102849d17/timm-0.9.16-py3-none-any.whl (2.2 MB)
     ━━━━━━━━━━━━━━━━━━━━━━━━━━━━━━━━━━━━━━━━ 2.2/2.2 MB 648.7 kB/s eta 0:00:00
Collecting safetensors
  Downloading http://mirrors.aliyun.com/pypi/packages/28/50/f203ff3a3ddfe19308efc83c5a3a29ed02bf786732ec35e68bf9162f3365/safetensors-0.8.0-cp310-abi3-manylinux_2_17_x86_64.manylinux2014_x86_64.whl (516 kB)
     ━━━━━━━━━━━━━━━━━━━━━━━━━━━━━━━━━━━━━ 516.0/516.0 kB 627.1 kB/s eta 0:00:00
Collecting pyarrow
  Downloading http://mirrors.aliyun.com/pypi/packages/60/c9/711ca85d79f1ec98f29a5eae2b051e25b4ecec5de3e3c0e2d5c5dcb15664/pyarrow-25.0.1-cp312-cp312-manylinux_2_28_x86_64.whl (50.1 MB)
     ━━━━━━━━━━━━━━━━━━━━━━━━━━━━━━━━━━━━━━━ 50.1/50.1 MB 553.7 kB/s eta 0:00:00
Collecting scipy
  Downloading http://mirrors.aliyun.com/pypi/packages/df/64/ff35eb9e54894cf471ff4716abd3c81eb0a0626869217ce3e6ba4ccf17d7/scipy-1.18.1-cp312-cp312-manylinux_2_27_x86_64.manylinux_2_28_x86_64.whl (35.3 MB)
     ━━━━━━━━━━━━━━━━━━━━━━━━━━━━━━━━━━━━━━━ 35.3/35.3 MB 542.4 kB/s eta 0:00:00
Requirement already satisfied: matplotlib in ./miniconda3/lib/python3.12/site-packages (3.9.2)
Collecting thop
  Downloading http://mirrors.aliyun.com/pypi/packages/bb/0f/72beeab4ff5221dc47127c80f8834b4bcd0cb36f6ba91c0b1d04a1233403/thop-0.1.1.post2209072238-py3-none-any.whl (15 kB)
Requirement already satisfied: filelock in ./miniconda3/lib/python3.12/site-packages (from transformers==4.57.1) (3.16.1)
Collecting huggingface-hub<1.0,>=0.34.0 (from transformers==4.57.1)
  Downloading http://mirrors.aliyun.com/pypi/packages/a8/af/48ac8483240de756d2438c380746e7130d1c6f75802ef22f3c6d49982787/huggingface_hub-0.36.2-py3-none-any.whl (566 kB)
     ━━━━━━━━━━━━━━━━━━━━━━━━━━━━━━━━━━━━━ 566.4/566.4 kB 451.5 kB/s eta 0:00:00
Requirement already satisfied: numpy>=1.17 in ./miniconda3/lib/python3.12/site-packages (from transformers==4.57.1) (2.1.3)
Requirement already satisfied: packaging>=20.0 in ./miniconda3/lib/python3.12/site-packages (from transformers==4.57.1) (23.2)
Requirement already satisfied: pyyaml>=5.1 in ./miniconda3/lib/python3.12/site-packages (from transformers==4.57.1) (6.0.2)
Collecting regex!=2019.12.17 (from transformers==4.57.1)
  Downloading http://mirrors.aliyun.com/pypi/packages/4b/8b/9cc6d4123033f7cb82df6cd8ce19eb0fc18a964afe060a03c9b26757c9f3/regex-2026.9.3-cp312-cp312-manylinux2014_x86_64.manylinux_2_17_x86_64.manylinux_2_28_x86_64.whl (801 kB)
     ━━━━━━━━━━━━━━━━━━━━━━━━━━━━━━━━━━━━━ 802.0/802.0 kB 558.7 kB/s eta 0:00:00
Requirement already satisfied: requests in ./miniconda3/lib/python3.12/site-packages (from transformers==4.57.1) (2.31.0)
Collecting tokenizers<=0.23.0,>=0.22.0 (from transformers==4.57.1)
  Downloading http://mirrors.aliyun.com/pypi/packages/2e/76/932be4b50ef6ccedf9d3c6639b056a967a86258c6d9200643f01269211ca/tokenizers-0.22.2-cp39-abi3-manylinux_2_17_x86_64.manylinux2014_x86_64.whl (3.3 MB)
     ━━━━━━━━━━━━━━━━━━━━━━━━━━━━━━━━━━━━━━━━ 3.3/3.3 MB 556.0 kB/s eta 0:00:00
Requirement already satisfied: tqdm>=4.27 in ./miniconda3/lib/python3.12/site-packages (from transformers==4.57.1) (4.66.2)
Collecting dill<0.3.9,>=0.3.0 (from datasets==3.6.0)
  Downloading http://mirrors.aliyun.com/pypi/packages/c9/7a/cef76fd8438a42f96db64ddaa85280485a9c395e7df3db8158cfec1eee34/dill-0.3.8-py3-none-any.whl (116 kB)
     ━━━━━━━━━━━━━━━━━━━━━━━━━━━━━━━━━━━━━ 116.3/116.3 kB 526.2 kB/s eta 0:00:00
Collecting pandas (from datasets==3.6.0)
  Downloading http://mirrors.aliyun.com/pypi/packages/12/98/e976540c1addf70442be7842a18cf70884a964abbf69442504f4d2939989/pandas-3.0.5-cp312-cp312-manylinux_2_24_x86_64.manylinux_2_28_x86_64.whl (11.0 MB)
     ━━━━━━━━━━━━━━━━━━━━━━━━━━━━━━━━━━━━━━━ 11.0/11.0 MB 547.8 kB/s eta 0:00:00
Collecting requests (from transformers==4.57.1)
  Downloading http://mirrors.aliyun.com/pypi/packages/a0/f4/c67b0b3f1b9245e8d266f0f112c500d50e5b4e83cb6f3b71b6528104182a/requests-2.34.2-py3-none-any.whl (73 kB)
     ━━━━━━━━━━━━━━━━━━━━━━━━━━━━━━━━━━━━━━━━ 73.1/73.1 kB 1.1 MB/s eta 0:00:00
Collecting tqdm>=4.27 (from transformers==4.57.1)
  Downloading http://mirrors.aliyun.com/pypi/packages/f9/1c/01bfd571a64e7f270e6bab5e33777debe0edc56759233ce84f27dec92d14/tqdm-4.70.0-py3-none-any.whl (80 kB)
     ━━━━━━━━━━━━━━━━━━━━━━━━━━━━━━━━━━━━━━━━ 80.2/80.2 kB 10.3 MB/s eta 0:00:00
Collecting xxhash (from datasets==3.6.0)
  Downloading http://mirrors.aliyun.com/pypi/packages/83/97/31bd8b8279e6935a0719f6910ced15e9d5a2cd554b253f6027ce1b5a1c2c/xxhash-4.0.1-cp312-cp312-manylinux2014_x86_64.manylinux_2_17_x86_64.manylinux_2_28_x86_64.whl (261 kB)
     ━━━━━━━━━━━━━━━━━━━━━━━━━━━━━━━━━━━━━ 261.8/261.8 kB 614.3 kB/s eta 0:00:00
Collecting multiprocess<0.70.17 (from datasets==3.6.0)
  Downloading http://mirrors.aliyun.com/pypi/packages/0a/7d/a988f258104dcd2ccf1ed40fdc97e26c4ac351eeaf81d76e266c52d84e2f/multiprocess-0.70.16-py312-none-any.whl (146 kB)
     ━━━━━━━━━━━━━━━━━━━━━━━━━━━━━━━━━━━━━ 146.7/146.7 kB 667.1 kB/s eta 0:00:00
Requirement already satisfied: fsspec<=2025.3.0,>=2023.1.0 in ./miniconda3/lib/python3.12/site-packages (from fsspec[http]<=2025.3.0,>=2023.1.0->datasets==3.6.0) (2024.10.0)
Requirement already satisfied: psutil in ./miniconda3/lib/python3.12/site-packages (from accelerate==1.10.1) (6.1.0)
Requirement already satisfied: torch>=2.0.0 in ./miniconda3/lib/python3.12/site-packages (from accelerate==1.10.1) (2.5.1+cu124)
Requirement already satisfied: torchvision in ./miniconda3/lib/python3.12/site-packages (from spikingjelly==0.0.0.0.14) (0.20.1+cu124)
Collecting fastrlock>=0.5 (from cupy-cuda12x==13.4.1)
  Downloading http://mirrors.aliyun.com/pypi/packages/80/07/cdecb7aa976f34328372f1c4efd6c9dc1b039b3cc8d3f38787d640009a25/fastrlock-0.8.3-cp312-cp312-manylinux_2_5_x86_64.manylinux1_x86_64.manylinux_2_28_x86_64.whl (53 kB)
     ━━━━━━━━━━━━━━━━━━━━━━━━━━━━━━━━━━━━━━━━ 53.9/53.9 kB 15.8 MB/s eta 0:00:00
Requirement already satisfied: contourpy>=1.0.1 in ./miniconda3/lib/python3.12/site-packages (from matplotlib) (1.3.1)
Requirement already satisfied: cycler>=0.10 in ./miniconda3/lib/python3.12/site-packages (from matplotlib) (0.12.1)
Requirement already satisfied: fonttools>=4.22.0 in ./miniconda3/lib/python3.12/site-packages (from matplotlib) (4.55.0)
Requirement already satisfied: kiwisolver>=1.3.1 in ./miniconda3/lib/python3.12/site-packages (from matplotlib) (1.4.7)
Requirement already satisfied: pillow>=8 in ./miniconda3/lib/python3.12/site-packages (from matplotlib) (11.0.0)
Requirement already satisfied: pyparsing>=2.3.1 in ./miniconda3/lib/python3.12/site-packages (from matplotlib) (3.2.0)
Requirement already satisfied: python-dateutil>=2.7 in ./miniconda3/lib/python3.12/site-packages (from matplotlib) (2.9.0.post0)
Collecting aiohttp!=4.0.0a0,!=4.0.0a1 (from fsspec[http]<=2025.3.0,>=2023.1.0->datasets==3.6.0)
  Downloading http://mirrors.aliyun.com/pypi/packages/52/b7/7cd31f29d6055bd711ae6e669367fba6f5ae9de463910a793e30556a8db7/aiohttp-3.14.3-cp312-cp312-manylinux2014_x86_64.manylinux_2_17_x86_64.manylinux_2_28_x86_64.whl (1.8 MB)
     ━━━━━━━━━━━━━━━━━━━━━━━━━━━━━━━━━━━━━━━━ 1.8/1.8 MB 630.8 kB/s eta 0:00:00
Collecting hf-xet<2.0.0,>=1.1.3 (from huggingface-hub<1.0,>=0.34.0->transformers==4.57.1)
  Downloading http://mirrors.aliyun.com/pypi/packages/67/4e/a28359bf1c1ecf11eba22123168c138698f7cb576ac678f5a2e16cd5da08/hf_xet-1.6.0-cp38-abi3-manylinux2014_x86_64.manylinux_2_17_x86_64.whl (4.5 MB)
     ━━━━━━━━━━━━━━━━━━━━━━━━━━━━━━━━━━━━━━━━ 4.5/4.5 MB 596.0 kB/s eta 0:00:00
Requirement already satisfied: typing-extensions>=3.7.4.3 in ./miniconda3/lib/python3.12/site-packages (from huggingface-hub<1.0,>=0.34.0->transformers==4.57.1) (4.12.2)
Requirement already satisfied: six>=1.5 in ./miniconda3/lib/python3.12/site-packages (from python-dateutil>=2.7->matplotlib) (1.16.0)
Requirement already satisfied: charset_normalizer<4,>=2 in ./miniconda3/lib/python3.12/site-packages (from requests->transformers==4.57.1) (2.0.4)
Requirement already satisfied: idna<4,>=2.5 in ./miniconda3/lib/python3.12/site-packages (from requests->transformers==4.57.1) (3.7)
Requirement already satisfied: urllib3<3,>=1.26 in ./miniconda3/lib/python3.12/site-packages (from requests->transformers==4.57.1) (2.1.0)
Requirement already satisfied: certifi>=2023.5.7 in ./miniconda3/lib/python3.12/site-packages (from requests->transformers==4.57.1) (2024.2.2)
Requirement already satisfied: networkx in ./miniconda3/lib/python3.12/site-packages (from torch>=2.0.0->accelerate==1.10.1) (3.4.2)
Requirement already satisfied: jinja2 in ./miniconda3/lib/python3.12/site-packages (from torch>=2.0.0->accelerate==1.10.1) (3.1.4)
Requirement already satisfied: nvidia-cuda-nvrtc-cu12==12.4.127 in ./miniconda3/lib/python3.12/site-packages (from torch>=2.0.0->accelerate==1.10.1) (12.4.127)
Requirement already satisfied: nvidia-cuda-runtime-cu12==12.4.127 in ./miniconda3/lib/python3.12/site-packages (from torch>=2.0.0->accelerate==1.10.1) (12.4.127)
Requirement already satisfied: nvidia-cuda-cupti-cu12==12.4.127 in ./miniconda3/lib/python3.12/site-packages (from torch>=2.0.0->accelerate==1.10.1) (12.4.127)
Requirement already satisfied: nvidia-cudnn-cu12==9.1.0.70 in ./miniconda3/lib/python3.12/site-packages (from torch>=2.0.0->accelerate==1.10.1) (9.1.0.70)
Requirement already satisfied: nvidia-cublas-cu12==12.4.5.8 in ./miniconda3/lib/python3.12/site-packages (from torch>=2.0.0->accelerate==1.10.1) (12.4.5.8)
Requirement already satisfied: nvidia-cufft-cu12==11.2.1.3 in ./miniconda3/lib/python3.12/site-packages (from torch>=2.0.0->accelerate==1.10.1) (11.2.1.3)
Requirement already satisfied: nvidia-curand-cu12==10.3.5.147 in ./miniconda3/lib/python3.12/site-packages (from torch>=2.0.0->accelerate==1.10.1) (10.3.5.147)
Requirement already satisfied: nvidia-cusolver-cu12==11.6.1.9 in ./miniconda3/lib/python3.12/site-packages (from torch>=2.0.0->accelerate==1.10.1) (11.6.1.9)
Requirement already satisfied: nvidia-cusparse-cu12==12.3.1.170 in ./miniconda3/lib/python3.12/site-packages (from torch>=2.0.0->accelerate==1.10.1) (12.3.1.170)
Requirement already satisfied: nvidia-nccl-cu12==2.21.5 in ./miniconda3/lib/python3.12/site-packages (from torch>=2.0.0->accelerate==1.10.1) (2.21.5)
Requirement already satisfied: nvidia-nvtx-cu12==12.4.127 in ./miniconda3/lib/python3.12/site-packages (from torch>=2.0.0->accelerate==1.10.1) (12.4.127)
Requirement already satisfied: nvidia-nvjitlink-cu12==12.4.127 in ./miniconda3/lib/python3.12/site-packages (from torch>=2.0.0->accelerate==1.10.1) (12.4.127)
Requirement already satisfied: triton==3.1.0 in ./miniconda3/lib/python3.12/site-packages (from torch>=2.0.0->accelerate==1.10.1) (3.1.0)
Requirement already satisfied: setuptools in ./miniconda3/lib/python3.12/site-packages (from torch>=2.0.0->accelerate==1.10.1) (69.5.1)
Requirement already satisfied: sympy==1.13.1 in ./miniconda3/lib/python3.12/site-packages (from torch>=2.0.0->accelerate==1.10.1) (1.13.1)
Requirement already satisfied: mpmath<1.4,>=1.1.0 in ./miniconda3/lib/python3.12/site-packages (from sympy==1.13.1->torch>=2.0.0->accelerate==1.10.1) (1.3.0)
Collecting aiohappyeyeballs>=2.5.0 (from aiohttp!=4.0.0a0,!=4.0.0a1->fsspec[http]<=2025.3.0,>=2023.1.0->datasets==3.6.0)
  Downloading http://mirrors.aliyun.com/pypi/packages/71/43/1947f06babed6b3f1d7f38b0c767f52df66bfb2bc10b468c4a7de9eceff2/aiohappyeyeballs-2.7.1-py3-none-any.whl (15 kB)
Collecting aiosignal>=1.4.0 (from aiohttp!=4.0.0a0,!=4.0.0a1->fsspec[http]<=2025.3.0,>=2023.1.0->datasets==3.6.0)
  Downloading http://mirrors.aliyun.com/pypi/packages/fb/76/641ae371508676492379f16e2fa48f4e2c11741bd63c48be4b12a6b09cba/aiosignal-1.4.0-py3-none-any.whl (7.5 kB)
Requirement already satisfied: attrs>=17.3.0 in ./miniconda3/lib/python3.12/site-packages (from aiohttp!=4.0.0a0,!=4.0.0a1->fsspec[http]<=2025.3.0,>=2023.1.0->datasets==3.6.0) (24.2.0)
Collecting frozenlist>=1.1.1 (from aiohttp!=4.0.0a0,!=4.0.0a1->fsspec[http]<=2025.3.0,>=2023.1.0->datasets==3.6.0)
  Downloading http://mirrors.aliyun.com/pypi/packages/6a/bd/d91c5e39f490a49df14320f4e8c80161cfcce09f1e2cde1edd16a551abb3/frozenlist-1.8.0-cp312-cp312-manylinux1_x86_64.manylinux_2_28_x86_64.manylinux_2_5_x86_64.whl (242 kB)
     ━━━━━━━━━━━━━━━━━━━━━━━━━━━━━━━━━━━━━ 242.4/242.4 kB 573.9 kB/s eta 0:00:00
Collecting multidict<7.0,>=4.5 (from aiohttp!=4.0.0a0,!=4.0.0a1->fsspec[http]<=2025.3.0,>=2023.1.0->datasets==3.6.0)
  Downloading http://mirrors.aliyun.com/pypi/packages/f3/8d/5e5be3ced1d12966fefb5c4ea3b2a5b480afcea36406559442c6e31d4a48/multidict-6.7.1-cp312-cp312-manylinux2014_x86_64.manylinux_2_17_x86_64.manylinux_2_28_x86_64.whl (256 kB)
     ━━━━━━━━━━━━━━━━━━━━━━━━━━━━━━━━━━━━━ 256.3/256.3 kB 608.6 kB/s eta 0:00:00
Collecting propcache>=0.2.0 (from aiohttp!=4.0.0a0,!=4.0.0a1->fsspec[http]<=2025.3.0,>=2023.1.0->datasets==3.6.0)
  Downloading http://mirrors.aliyun.com/pypi/packages/14/15/5574111ae50dd6e879456888c0eadd4c5a869959775854e18e18a6b345f3/propcache-0.5.2-cp312-cp312-manylinux2014_x86_64.manylinux_2_17_x86_64.manylinux_2_28_x86_64.whl (61 kB)
     ━━━━━━━━━━━━━━━━━━━━━━━━━━━━━━━━━━━━━━━━ 61.6/61.6 kB 19.2 MB/s eta 0:00:00
Collecting yarl<2.0,>=1.17.0 (from aiohttp!=4.0.0a0,!=4.0.0a1->fsspec[http]<=2025.3.0,>=2023.1.0->datasets==3.6.0)
  Downloading http://mirrors.aliyun.com/pypi/packages/d6/d0/d56c859b8222116f5d68459199f48359e0bf121b6f65a69bf329b3602ba0/yarl-1.24.5-cp312-cp312-manylinux2014_x86_64.manylinux_2_17_x86_64.manylinux_2_28_x86_64.whl (109 kB)
     ━━━━━━━━━━━━━━━━━━━━━━━━━━━━━━━━━━━━━━ 109.8/109.8 kB 38.0 MB/s eta 0:00:00
Requirement already satisfied: MarkupSafe>=2.0 in ./miniconda3/lib/python3.12/site-packages (from jinja2->torch>=2.0.0->accelerate==1.10.1) (3.0.2)
Installing collected packages: fastrlock, xxhash, tqdm, scipy, safetensors, requests, regex, pyarrow, propcache, multidict, hf-xet, frozenlist, dill, cupy-cuda12x, aiohappyeyeballs, yarl, pandas, multiprocess, huggingface-hub, aiosignal, tokenizers, aiohttp, transformers, thop, accelerate, timm, spikingjelly, datasets
  Attempting uninstall: tqdm
    Found existing installation: tqdm 4.66.2
    Uninstalling tqdm-4.66.2:
      Successfully uninstalled tqdm-4.66.2
  Attempting uninstall: requests
    Found existing installation: requests 2.31.0
    Uninstalling requests-2.31.0:
      Successfully uninstalled requests-2.31.0
Successfully installed accelerate-1.10.1 aiohappyeyeballs-2.7.1 aiohttp-3.14.3 aiosignal-1.4.0 cupy-cuda12x-13.4.1 datasets-3.6.0 dill-0.3.8 fastrlock-0.8.3 frozenlist-1.8.0 hf-xet-1.6.0 huggingface-hub-0.36.2 multidict-6.7.1 multiprocess-0.70.16 pandas-3.0.5 propcache-0.5.2 pyarrow-25.0.1 regex-2026.9.3 requests-2.34.2 safetensors-0.8.0 scipy-1.18.1 spikingjelly-0.0.0.0.14 thop-0.1.1.post2209072238 timm-0.9.16 tokenizers-0.22.2 tqdm-4.70.0 transformers-4.57.1 xxhash-4.0.1 yarl-1.24.5
WARNING: Running pip as the 'root' user can result in broken permissions and conflicting behaviour with the system package manager. It is recommended to use a virtual environment instead: https://pip.pypa.io/warnings/venv
