{"gpu": 0, "stage": "screen", "run": "T2_seed8611_lr0.0002", "success": true}
{"gpu": 1, "stage": "screen", "run": "T2_seed8612_lr0.0002", "success": true}
{"gpu": 1, "stage": "screen", "run": "T4_seed8612_lr6e-06", "success": true}
{"gpu": 0, "stage": "screen", "run": "T4_seed8611_lr6e-06", "success": true}
{"gpu": 1, "stage": "screen", "run": "T4_seed8612_lr6e-05", "success": true}
{"gpu": 1, "stage": "screen", "run": "T4_seed8612_lr2e-05", "success": true}
{"gpu": 0, "stage": "screen", "run": "T4_seed8611_lr6e-05", "success": true}
{"gpu": 0, "stage": "screen", "run": "T4_seed8611_lr2e-05", "success": true}
{"gpu": 0, "stage": "screen", "run": "T4_seed8611_lr0.0002", "success": true}
{"gpu": 1, "stage": "screen", "run": "T4_seed8612_lr0.0002", "success": true}
{"gpu": 1, "stage": "formal", "run": "T2_seed8622_lr2e-05", "success": true}
{"gpu": 0, "stage": "formal", "run": "T2_seed8621_lr2e-05", "success": true}
{"gpu": 1, "stage": "formal", "run": "T4_seed8622_lr2e-05", "success": true}
{"gpu": 0, "stage": "formal", "run": "T4_seed8621_lr2e-05", "success": true}
{"gpu": 0, "stage": "formal", "run": "T4_seed8623_lr2e-05", "success": true}
{"vision_reconstruction_exit": 0}
{"gpu": 0, "stage": "formal", "run": "T2_seed8623_lr2e-05", "success": true}
{"gpu": 0, "stage": "legacy", "run": "T2_seed7621_lr6e-05", "success": true}
{"gpu": 0, "stage": "legacy", "run": "T4_seed7621_lr2e-05", "success": true}
{"gpu": 0, "stage": "legacy", "run": "T4_seed7623_lr2e-05", "success": true}
{"gpu": 0, "stage": "legacy", "run": "T2_seed7623_lr6e-05", "success": true}
